<?xml version="1.0" encoding="ISO-8859-1" ?>
<link_info>
   <banner>MSP430 Linker PC v18.12.1.LTS</banner>
   <copyright>Copyright (c) 2003-2018 Texas Instruments Incorporated</copyright>
   <link_time>0x5d6572dc</link_time>
   <link_errors>0x0</link_errors>
   <output_file>Lab1_Assignment1.out</output_file>
   <entry_point>
      <name>_c_int00_noargs</name>
      <address>0x7576</address>
   </entry_point>
   <input_file_list>
      <input_file id="fl-2">
         <path>.\</path>
         <kind>object</kind>
         <file>lab1_assignment1_main.obj</file>
         <name>lab1_assignment1_main.obj</name>
      </input_file>
      <input_file id="fl-7">
         <kind>object</kind>
         <file>&lt;internal&gt;</file>
         <name>&lt;internal&gt;</name>
      </input_file>
      <input_file id="fl-1d">
         <path>C:\ti\ccs901\ccs\tools\compiler\ti-cgt-msp430_18.12.1.LTS\lib\</path>
         <kind>archive</kind>
         <file>rts430_eabi.lib</file>
         <name>printf.c.obj</name>
      </input_file>
      <input_file id="fl-1e">
         <path>C:\ti\ccs901\ccs\tools\compiler\ti-cgt-msp430_18.12.1.LTS\lib\</path>
         <kind>archive</kind>
         <file>rts430_eabi.lib</file>
         <name>_printfi.c.obj</name>
      </input_file>
      <input_file id="fl-1f">
         <path>C:\ti\ccs901\ccs\tools\compiler\ti-cgt-msp430_18.12.1.LTS\lib\</path>
         <kind>archive</kind>
         <file>rts430_eabi.lib</file>
         <name>fputc.c.obj</name>
      </input_file>
      <input_file id="fl-20">
         <path>C:\ti\ccs901\ccs\tools\compiler\ti-cgt-msp430_18.12.1.LTS\lib\</path>
         <kind>archive</kind>
         <file>rts430_eabi.lib</file>
         <name>fputs.c.obj</name>
      </input_file>
      <input_file id="fl-21">
         <path>C:\ti\ccs901\ccs\tools\compiler\ti-cgt-msp430_18.12.1.LTS\lib\</path>
         <kind>archive</kind>
         <file>rts430_eabi.lib</file>
         <name>_io_perm.c.obj</name>
      </input_file>
      <input_file id="fl-22">
         <path>C:\ti\ccs901\ccs\tools\compiler\ti-cgt-msp430_18.12.1.LTS\lib\</path>
         <kind>archive</kind>
         <file>rts430_eabi.lib</file>
         <name>setvbuf.c.obj</name>
      </input_file>
      <input_file id="fl-23">
         <path>C:\ti\ccs901\ccs\tools\compiler\ti-cgt-msp430_18.12.1.LTS\lib\</path>
         <kind>archive</kind>
         <file>rts430_eabi.lib</file>
         <name>s_frexp.c.obj</name>
      </input_file>
      <input_file id="fl-24">
         <path>C:\ti\ccs901\ccs\tools\compiler\ti-cgt-msp430_18.12.1.LTS\lib\</path>
         <kind>archive</kind>
         <file>rts430_eabi.lib</file>
         <name>s_scalbn.c.obj</name>
      </input_file>
      <input_file id="fl-25">
         <path>C:\ti\ccs901\ccs\tools\compiler\ti-cgt-msp430_18.12.1.LTS\lib\</path>
         <kind>archive</kind>
         <file>rts430_eabi.lib</file>
         <name>wcslen.c.obj</name>
      </input_file>
      <input_file id="fl-26">
         <path>C:\ti\ccs901\ccs\tools\compiler\ti-cgt-msp430_18.12.1.LTS\lib\</path>
         <kind>archive</kind>
         <file>rts430_eabi.lib</file>
         <name>s_copysign.c.obj</name>
      </input_file>
      <input_file id="fl-27">
         <path>C:\ti\ccs901\ccs\tools\compiler\ti-cgt-msp430_18.12.1.LTS\lib\</path>
         <kind>archive</kind>
         <file>rts430_eabi.lib</file>
         <name>asr16.asm.obj</name>
      </input_file>
      <input_file id="fl-28">
         <path>C:\ti\ccs901\ccs\tools\compiler\ti-cgt-msp430_18.12.1.LTS\lib\</path>
         <kind>archive</kind>
         <file>rts430_eabi.lib</file>
         <name>div16u.asm.obj</name>
      </input_file>
      <input_file id="fl-29">
         <path>C:\ti\ccs901\ccs\tools\compiler\ti-cgt-msp430_18.12.1.LTS\lib\</path>
         <kind>archive</kind>
         <file>rts430_eabi.lib</file>
         <name>div32u.asm.obj</name>
      </input_file>
      <input_file id="fl-2a">
         <path>C:\ti\ccs901\ccs\tools\compiler\ti-cgt-msp430_18.12.1.LTS\lib\</path>
         <kind>archive</kind>
         <file>rts430_eabi.lib</file>
         <name>epilog.asm.obj</name>
      </input_file>
      <input_file id="fl-2b">
         <path>C:\ti\ccs901\ccs\tools\compiler\ti-cgt-msp430_18.12.1.LTS\lib\</path>
         <kind>archive</kind>
         <file>rts430_eabi.lib</file>
         <name>int14.asm.obj</name>
      </input_file>
      <input_file id="fl-2c">
         <path>C:\ti\ccs901\ccs\tools\compiler\ti-cgt-msp430_18.12.1.LTS\lib\</path>
         <kind>archive</kind>
         <file>rts430_eabi.lib</file>
         <name>int15.asm.obj</name>
      </input_file>
      <input_file id="fl-2d">
         <path>C:\ti\ccs901\ccs\tools\compiler\ti-cgt-msp430_18.12.1.LTS\lib\</path>
         <kind>archive</kind>
         <file>rts430_eabi.lib</file>
         <name>int16.asm.obj</name>
      </input_file>
      <input_file id="fl-2e">
         <path>C:\ti\ccs901\ccs\tools\compiler\ti-cgt-msp430_18.12.1.LTS\lib\</path>
         <kind>archive</kind>
         <file>rts430_eabi.lib</file>
         <name>int17.asm.obj</name>
      </input_file>
      <input_file id="fl-2f">
         <path>C:\ti\ccs901\ccs\tools\compiler\ti-cgt-msp430_18.12.1.LTS\lib\</path>
         <kind>archive</kind>
         <file>rts430_eabi.lib</file>
         <name>int18.asm.obj</name>
      </input_file>
      <input_file id="fl-30">
         <path>C:\ti\ccs901\ccs\tools\compiler\ti-cgt-msp430_18.12.1.LTS\lib\</path>
         <kind>archive</kind>
         <file>rts430_eabi.lib</file>
         <name>int19.asm.obj</name>
      </input_file>
      <input_file id="fl-31">
         <path>C:\ti\ccs901\ccs\tools\compiler\ti-cgt-msp430_18.12.1.LTS\lib\</path>
         <kind>archive</kind>
         <file>rts430_eabi.lib</file>
         <name>int20.asm.obj</name>
      </input_file>
      <input_file id="fl-32">
         <path>C:\ti\ccs901\ccs\tools\compiler\ti-cgt-msp430_18.12.1.LTS\lib\</path>
         <kind>archive</kind>
         <file>rts430_eabi.lib</file>
         <name>int21.asm.obj</name>
      </input_file>
      <input_file id="fl-33">
         <path>C:\ti\ccs901\ccs\tools\compiler\ti-cgt-msp430_18.12.1.LTS\lib\</path>
         <kind>archive</kind>
         <file>rts430_eabi.lib</file>
         <name>int22.asm.obj</name>
      </input_file>
      <input_file id="fl-34">
         <path>C:\ti\ccs901\ccs\tools\compiler\ti-cgt-msp430_18.12.1.LTS\lib\</path>
         <kind>archive</kind>
         <file>rts430_eabi.lib</file>
         <name>int23.asm.obj</name>
      </input_file>
      <input_file id="fl-35">
         <path>C:\ti\ccs901\ccs\tools\compiler\ti-cgt-msp430_18.12.1.LTS\lib\</path>
         <kind>archive</kind>
         <file>rts430_eabi.lib</file>
         <name>int24.asm.obj</name>
      </input_file>
      <input_file id="fl-36">
         <path>C:\ti\ccs901\ccs\tools\compiler\ti-cgt-msp430_18.12.1.LTS\lib\</path>
         <kind>archive</kind>
         <file>rts430_eabi.lib</file>
         <name>int25.asm.obj</name>
      </input_file>
      <input_file id="fl-37">
         <path>C:\ti\ccs901\ccs\tools\compiler\ti-cgt-msp430_18.12.1.LTS\lib\</path>
         <kind>archive</kind>
         <file>rts430_eabi.lib</file>
         <name>int26.asm.obj</name>
      </input_file>
      <input_file id="fl-38">
         <path>C:\ti\ccs901\ccs\tools\compiler\ti-cgt-msp430_18.12.1.LTS\lib\</path>
         <kind>archive</kind>
         <file>rts430_eabi.lib</file>
         <name>int27.asm.obj</name>
      </input_file>
      <input_file id="fl-39">
         <path>C:\ti\ccs901\ccs\tools\compiler\ti-cgt-msp430_18.12.1.LTS\lib\</path>
         <kind>archive</kind>
         <file>rts430_eabi.lib</file>
         <name>int28.asm.obj</name>
      </input_file>
      <input_file id="fl-3a">
         <path>C:\ti\ccs901\ccs\tools\compiler\ti-cgt-msp430_18.12.1.LTS\lib\</path>
         <kind>archive</kind>
         <file>rts430_eabi.lib</file>
         <name>int29.asm.obj</name>
      </input_file>
      <input_file id="fl-3b">
         <path>C:\ti\ccs901\ccs\tools\compiler\ti-cgt-msp430_18.12.1.LTS\lib\</path>
         <kind>archive</kind>
         <file>rts430_eabi.lib</file>
         <name>int30.asm.obj</name>
      </input_file>
      <input_file id="fl-3c">
         <path>C:\ti\ccs901\ccs\tools\compiler\ti-cgt-msp430_18.12.1.LTS\lib\</path>
         <kind>archive</kind>
         <file>rts430_eabi.lib</file>
         <name>isr_trap.asm.obj</name>
      </input_file>
      <input_file id="fl-3d">
         <path>C:\ti\ccs901\ccs\tools\compiler\ti-cgt-msp430_18.12.1.LTS\lib\</path>
         <kind>archive</kind>
         <file>rts430_eabi.lib</file>
         <name>lsl16.asm.obj</name>
      </input_file>
      <input_file id="fl-3e">
         <path>C:\ti\ccs901\ccs\tools\compiler\ti-cgt-msp430_18.12.1.LTS\lib\</path>
         <kind>archive</kind>
         <file>rts430_eabi.lib</file>
         <name>lsr16.asm.obj</name>
      </input_file>
      <input_file id="fl-3f">
         <path>C:\ti\ccs901\ccs\tools\compiler\ti-cgt-msp430_18.12.1.LTS\lib\</path>
         <kind>archive</kind>
         <file>rts430_eabi.lib</file>
         <name>mult16.asm.obj</name>
      </input_file>
      <input_file id="fl-40">
         <path>C:\ti\ccs901\ccs\tools\compiler\ti-cgt-msp430_18.12.1.LTS\lib\</path>
         <kind>archive</kind>
         <file>rts430_eabi.lib</file>
         <name>mult16_hw.asm.obj</name>
      </input_file>
      <input_file id="fl-41">
         <path>C:\ti\ccs901\ccs\tools\compiler\ti-cgt-msp430_18.12.1.LTS\lib\</path>
         <kind>archive</kind>
         <file>rts430_eabi.lib</file>
         <name>mult1632_hw.asm.obj</name>
      </input_file>
      <input_file id="fl-42">
         <path>C:\ti\ccs901\ccs\tools\compiler\ti-cgt-msp430_18.12.1.LTS\lib\</path>
         <kind>archive</kind>
         <file>rts430_eabi.lib</file>
         <name>mult32.asm.obj</name>
      </input_file>
      <input_file id="fl-43">
         <path>C:\ti\ccs901\ccs\tools\compiler\ti-cgt-msp430_18.12.1.LTS\lib\</path>
         <kind>archive</kind>
         <file>rts430_eabi.lib</file>
         <name>mult32_hw.asm.obj</name>
      </input_file>
      <input_file id="fl-44">
         <path>C:\ti\ccs901\ccs\tools\compiler\ti-cgt-msp430_18.12.1.LTS\lib\</path>
         <kind>archive</kind>
         <file>rts430_eabi.lib</file>
         <name>mult3264_hw.asm.obj</name>
      </input_file>
      <input_file id="fl-45">
         <path>C:\ti\ccs901\ccs\tools\compiler\ti-cgt-msp430_18.12.1.LTS\lib\</path>
         <kind>archive</kind>
         <file>rts430_eabi.lib</file>
         <name>mult64_hw.asm.obj</name>
      </input_file>
      <input_file id="fl-46">
         <path>C:\ti\ccs901\ccs\tools\compiler\ti-cgt-msp430_18.12.1.LTS\lib\</path>
         <kind>archive</kind>
         <file>rts430_eabi.lib</file>
         <name>boot.c.obj</name>
      </input_file>
      <input_file id="fl-47">
         <path>C:\ti\ccs901\ccs\tools\compiler\ti-cgt-msp430_18.12.1.LTS\lib\</path>
         <kind>archive</kind>
         <file>rts430_eabi.lib</file>
         <name>autoinit.c.obj</name>
      </input_file>
      <input_file id="fl-48">
         <path>C:\ti\ccs901\ccs\tools\compiler\ti-cgt-msp430_18.12.1.LTS\lib\</path>
         <kind>archive</kind>
         <file>rts430_eabi.lib</file>
         <name>copy_zero_init.c.obj</name>
      </input_file>
      <input_file id="fl-49">
         <path>C:\ti\ccs901\ccs\tools\compiler\ti-cgt-msp430_18.12.1.LTS\lib\</path>
         <kind>archive</kind>
         <file>rts430_eabi.lib</file>
         <name>exit_gvars.c.obj</name>
      </input_file>
      <input_file id="fl-4a">
         <path>C:\ti\ccs901\ccs\tools\compiler\ti-cgt-msp430_18.12.1.LTS\lib\</path>
         <kind>archive</kind>
         <file>rts430_eabi.lib</file>
         <name>cpy_tbl.c.obj</name>
      </input_file>
      <input_file id="fl-4b">
         <path>C:\ti\ccs901\ccs\tools\compiler\ti-cgt-msp430_18.12.1.LTS\lib\</path>
         <kind>archive</kind>
         <file>rts430_eabi.lib</file>
         <name>mpu_init.c.obj</name>
      </input_file>
      <input_file id="fl-4c">
         <path>C:\ti\ccs901\ccs\tools\compiler\ti-cgt-msp430_18.12.1.LTS\lib\</path>
         <kind>archive</kind>
         <file>rts430_eabi.lib</file>
         <name>lsr64.c.obj</name>
      </input_file>
      <input_file id="fl-4d">
         <path>C:\ti\ccs901\ccs\tools\compiler\ti-cgt-msp430_18.12.1.LTS\lib\</path>
         <kind>archive</kind>
         <file>rts430_eabi.lib</file>
         <name>div64u.c.obj</name>
      </input_file>
      <input_file id="fl-4e">
         <path>C:\ti\ccs901\ccs\tools\compiler\ti-cgt-msp430_18.12.1.LTS\lib\</path>
         <kind>archive</kind>
         <file>rts430_eabi.lib</file>
         <name>pre_init.c.obj</name>
      </input_file>
      <input_file id="fl-4f">
         <path>C:\ti\ccs901\ccs\tools\compiler\ti-cgt-msp430_18.12.1.LTS\lib\</path>
         <kind>archive</kind>
         <file>rts430_eabi.lib</file>
         <name>startup.c.obj</name>
      </input_file>
      <input_file id="fl-50">
         <path>C:\ti\ccs901\ccs\tools\compiler\ti-cgt-msp430_18.12.1.LTS\lib\</path>
         <kind>archive</kind>
         <file>rts430_eabi.lib</file>
         <name>copy_decompress_none.c.obj</name>
      </input_file>
      <input_file id="fl-51">
         <path>C:\ti\ccs901\ccs\tools\compiler\ti-cgt-msp430_18.12.1.LTS\lib\</path>
         <kind>archive</kind>
         <file>rts430_eabi.lib</file>
         <name>copy_decompress_lzss.c.obj</name>
      </input_file>
      <input_file id="fl-52">
         <path>C:\ti\ccs901\ccs\tools\compiler\ti-cgt-msp430_18.12.1.LTS\lib\</path>
         <kind>archive</kind>
         <file>rts430_eabi.lib</file>
         <name>addd.c.obj</name>
      </input_file>
      <input_file id="fl-53">
         <path>C:\ti\ccs901\ccs\tools\compiler\ti-cgt-msp430_18.12.1.LTS\lib\</path>
         <kind>archive</kind>
         <file>rts430_eabi.lib</file>
         <name>cmpd.c.obj</name>
      </input_file>
      <input_file id="fl-54">
         <path>C:\ti\ccs901\ccs\tools\compiler\ti-cgt-msp430_18.12.1.LTS\lib\</path>
         <kind>archive</kind>
         <file>rts430_eabi.lib</file>
         <name>divd.c.obj</name>
      </input_file>
      <input_file id="fl-55">
         <path>C:\ti\ccs901\ccs\tools\compiler\ti-cgt-msp430_18.12.1.LTS\lib\</path>
         <kind>archive</kind>
         <file>rts430_eabi.lib</file>
         <name>fixdi.c.obj</name>
      </input_file>
      <input_file id="fl-56">
         <path>C:\ti\ccs901\ccs\tools\compiler\ti-cgt-msp430_18.12.1.LTS\lib\</path>
         <kind>archive</kind>
         <file>rts430_eabi.lib</file>
         <name>fixdli.c.obj</name>
      </input_file>
      <input_file id="fl-57">
         <path>C:\ti\ccs901\ccs\tools\compiler\ti-cgt-msp430_18.12.1.LTS\lib\</path>
         <kind>archive</kind>
         <file>rts430_eabi.lib</file>
         <name>fltid.c.obj</name>
      </input_file>
      <input_file id="fl-58">
         <path>C:\ti\ccs901\ccs\tools\compiler\ti-cgt-msp430_18.12.1.LTS\lib\</path>
         <kind>archive</kind>
         <file>rts430_eabi.lib</file>
         <name>fltlid.c.obj</name>
      </input_file>
      <input_file id="fl-59">
         <path>C:\ti\ccs901\ccs\tools\compiler\ti-cgt-msp430_18.12.1.LTS\lib\</path>
         <kind>archive</kind>
         <file>rts430_eabi.lib</file>
         <name>frcaddd.c.obj</name>
      </input_file>
      <input_file id="fl-5a">
         <path>C:\ti\ccs901\ccs\tools\compiler\ti-cgt-msp430_18.12.1.LTS\lib\</path>
         <kind>archive</kind>
         <file>rts430_eabi.lib</file>
         <name>frcdivd.c.obj</name>
      </input_file>
      <input_file id="fl-5b">
         <path>C:\ti\ccs901\ccs\tools\compiler\ti-cgt-msp430_18.12.1.LTS\lib\</path>
         <kind>archive</kind>
         <file>rts430_eabi.lib</file>
         <name>mpyd.c.obj</name>
      </input_file>
      <input_file id="fl-5c">
         <path>C:\ti\ccs901\ccs\tools\compiler\ti-cgt-msp430_18.12.1.LTS\lib\</path>
         <kind>archive</kind>
         <file>rts430_eabi.lib</file>
         <name>negd.c.obj</name>
      </input_file>
      <input_file id="fl-5d">
         <path>C:\ti\ccs901\ccs\tools\compiler\ti-cgt-msp430_18.12.1.LTS\lib\</path>
         <kind>archive</kind>
         <file>rts430_eabi.lib</file>
         <name>renormd.c.obj</name>
      </input_file>
      <input_file id="fl-5e">
         <path>C:\ti\ccs901\ccs\tools\compiler\ti-cgt-msp430_18.12.1.LTS\lib\</path>
         <kind>archive</kind>
         <file>rts430_eabi.lib</file>
         <name>subd.c.obj</name>
      </input_file>
      <input_file id="fl-5f">
         <path>C:\ti\ccs901\ccs\tools\compiler\ti-cgt-msp430_18.12.1.LTS\lib\</path>
         <kind>archive</kind>
         <file>rts430_eabi.lib</file>
         <name>exit.c.obj</name>
      </input_file>
      <input_file id="fl-60">
         <path>C:\ti\ccs901\ccs\tools\compiler\ti-cgt-msp430_18.12.1.LTS\lib\</path>
         <kind>archive</kind>
         <file>rts430_eabi.lib</file>
         <name>_lock.c.obj</name>
      </input_file>
      <input_file id="fl-61">
         <path>C:\ti\ccs901\ccs\tools\compiler\ti-cgt-msp430_18.12.1.LTS\lib\</path>
         <kind>archive</kind>
         <file>rts430_eabi.lib</file>
         <name>args_main.c.obj</name>
      </input_file>
      <input_file id="fl-62">
         <path>C:\ti\ccs901\ccs\tools\compiler\ti-cgt-msp430_18.12.1.LTS\lib\</path>
         <kind>archive</kind>
         <file>rts430_eabi.lib</file>
         <name>atoi.c.obj</name>
      </input_file>
      <input_file id="fl-63">
         <path>C:\ti\ccs901\ccs\tools\compiler\ti-cgt-msp430_18.12.1.LTS\lib\</path>
         <kind>archive</kind>
         <file>rts430_eabi.lib</file>
         <name>ctype.c.obj</name>
      </input_file>
      <input_file id="fl-64">
         <path>C:\ti\ccs901\ccs\tools\compiler\ti-cgt-msp430_18.12.1.LTS\lib\</path>
         <kind>archive</kind>
         <file>rts430_eabi.lib</file>
         <name>defs.c.obj</name>
      </input_file>
      <input_file id="fl-65">
         <path>C:\ti\ccs901\ccs\tools\compiler\ti-cgt-msp430_18.12.1.LTS\lib\</path>
         <kind>archive</kind>
         <file>rts430_eabi.lib</file>
         <name>ltoa.c.obj</name>
      </input_file>
      <input_file id="fl-66">
         <path>C:\ti\ccs901\ccs\tools\compiler\ti-cgt-msp430_18.12.1.LTS\lib\</path>
         <kind>archive</kind>
         <file>rts430_eabi.lib</file>
         <name>memccpy.c.obj</name>
      </input_file>
      <input_file id="fl-67">
         <path>C:\ti\ccs901\ccs\tools\compiler\ti-cgt-msp430_18.12.1.LTS\lib\</path>
         <kind>archive</kind>
         <file>rts430_eabi.lib</file>
         <name>memchr.c.obj</name>
      </input_file>
      <input_file id="fl-68">
         <path>C:\ti\ccs901\ccs\tools\compiler\ti-cgt-msp430_18.12.1.LTS\lib\</path>
         <kind>archive</kind>
         <file>rts430_eabi.lib</file>
         <name>memcpy.c.obj</name>
      </input_file>
      <input_file id="fl-69">
         <path>C:\ti\ccs901\ccs\tools\compiler\ti-cgt-msp430_18.12.1.LTS\lib\</path>
         <kind>archive</kind>
         <file>rts430_eabi.lib</file>
         <name>memory.c.obj</name>
      </input_file>
      <input_file id="fl-6a">
         <path>C:\ti\ccs901\ccs\tools\compiler\ti-cgt-msp430_18.12.1.LTS\lib\</path>
         <kind>archive</kind>
         <file>rts430_eabi.lib</file>
         <name>memset.c.obj</name>
      </input_file>
      <input_file id="fl-6b">
         <path>C:\ti\ccs901\ccs\tools\compiler\ti-cgt-msp430_18.12.1.LTS\lib\</path>
         <kind>archive</kind>
         <file>rts430_eabi.lib</file>
         <name>strchr.c.obj</name>
      </input_file>
      <input_file id="fl-6c">
         <path>C:\ti\ccs901\ccs\tools\compiler\ti-cgt-msp430_18.12.1.LTS\lib\</path>
         <kind>archive</kind>
         <file>rts430_eabi.lib</file>
         <name>strlen.c.obj</name>
      </input_file>
      <input_file id="fl-6d">
         <path>C:\ti\ccs901\ccs\tools\compiler\ti-cgt-msp430_18.12.1.LTS\lib\</path>
         <kind>archive</kind>
         <file>rts430_eabi.lib</file>
         <name>toupper.c.obj</name>
      </input_file>
      <input_file id="fl-6e">
         <path>C:\ti\ccs901\ccs\tools\compiler\ti-cgt-msp430_18.12.1.LTS\lib\</path>
         <kind>archive</kind>
         <file>rts430_eabi.lib</file>
         <name>errno.c.obj</name>
      </input_file>
      <input_file id="fl-6f">
         <path>C:\ti\ccs901\ccs\tools\compiler\ti-cgt-msp430_18.12.1.LTS\lib\</path>
         <kind>archive</kind>
         <file>rts430_eabi.lib</file>
         <name>write.c.obj</name>
      </input_file>
      <input_file id="fl-70">
         <path>C:\ti\ccs901\ccs\tools\compiler\ti-cgt-msp430_18.12.1.LTS\lib\</path>
         <kind>archive</kind>
         <file>rts430_eabi.lib</file>
         <name>host_device.c.obj</name>
      </input_file>
      <input_file id="fl-71">
         <path>C:\ti\ccs901\ccs\tools\compiler\ti-cgt-msp430_18.12.1.LTS\lib\</path>
         <kind>archive</kind>
         <file>rts430_eabi.lib</file>
         <name>abs.c.obj</name>
      </input_file>
      <input_file id="fl-72">
         <path>C:\ti\ccs901\ccs\tools\compiler\ti-cgt-msp430_18.12.1.LTS\lib\</path>
         <kind>archive</kind>
         <file>rts430_eabi.lib</file>
         <name>fflush.c.obj</name>
      </input_file>
      <input_file id="fl-73">
         <path>C:\ti\ccs901\ccs\tools\compiler\ti-cgt-msp430_18.12.1.LTS\lib\</path>
         <kind>archive</kind>
         <file>rts430_eabi.lib</file>
         <name>fopen.c.obj</name>
      </input_file>
      <input_file id="fl-74">
         <path>C:\ti\ccs901\ccs\tools\compiler\ti-cgt-msp430_18.12.1.LTS\lib\</path>
         <kind>archive</kind>
         <file>rts430_eabi.lib</file>
         <name>fseek.c.obj</name>
      </input_file>
      <input_file id="fl-75">
         <path>C:\ti\ccs901\ccs\tools\compiler\ti-cgt-msp430_18.12.1.LTS\lib\</path>
         <kind>archive</kind>
         <file>rts430_eabi.lib</file>
         <name>asr32.asm.obj</name>
      </input_file>
      <input_file id="fl-76">
         <path>C:\ti\ccs901\ccs\tools\compiler\ti-cgt-msp430_18.12.1.LTS\lib\</path>
         <kind>archive</kind>
         <file>rts430_eabi.lib</file>
         <name>div32s.asm.obj</name>
      </input_file>
      <input_file id="fl-77">
         <path>C:\ti\ccs901\ccs\tools\compiler\ti-cgt-msp430_18.12.1.LTS\lib\</path>
         <kind>archive</kind>
         <file>rts430_eabi.lib</file>
         <name>lsl32.asm.obj</name>
      </input_file>
      <input_file id="fl-78">
         <path>C:\ti\ccs901\ccs\tools\compiler\ti-cgt-msp430_18.12.1.LTS\lib\</path>
         <kind>archive</kind>
         <file>rts430_eabi.lib</file>
         <name>lsr32.asm.obj</name>
      </input_file>
      <input_file id="fl-79">
         <path>C:\ti\ccs901\ccs\tools\compiler\ti-cgt-msp430_18.12.1.LTS\lib\</path>
         <kind>archive</kind>
         <file>rts430_eabi.lib</file>
         <name>lsl64.c.obj</name>
      </input_file>
      <input_file id="fl-7a">
         <path>C:\ti\ccs901\ccs\tools\compiler\ti-cgt-msp430_18.12.1.LTS\lib\</path>
         <kind>archive</kind>
         <file>rts430_eabi.lib</file>
         <name>frcmpyd.c.obj</name>
      </input_file>
      <input_file id="fl-7b">
         <path>C:\ti\ccs901\ccs\tools\compiler\ti-cgt-msp430_18.12.1.LTS\lib\</path>
         <kind>archive</kind>
         <file>rts430_eabi.lib</file>
         <name>hostclose.c.obj</name>
      </input_file>
      <input_file id="fl-7c">
         <path>C:\ti\ccs901\ccs\tools\compiler\ti-cgt-msp430_18.12.1.LTS\lib\</path>
         <kind>archive</kind>
         <file>rts430_eabi.lib</file>
         <name>hostlseek.c.obj</name>
      </input_file>
      <input_file id="fl-7d">
         <path>C:\ti\ccs901\ccs\tools\compiler\ti-cgt-msp430_18.12.1.LTS\lib\</path>
         <kind>archive</kind>
         <file>rts430_eabi.lib</file>
         <name>hostopen.c.obj</name>
      </input_file>
      <input_file id="fl-7e">
         <path>C:\ti\ccs901\ccs\tools\compiler\ti-cgt-msp430_18.12.1.LTS\lib\</path>
         <kind>archive</kind>
         <file>rts430_eabi.lib</file>
         <name>hostread.c.obj</name>
      </input_file>
      <input_file id="fl-7f">
         <path>C:\ti\ccs901\ccs\tools\compiler\ti-cgt-msp430_18.12.1.LTS\lib\</path>
         <kind>archive</kind>
         <file>rts430_eabi.lib</file>
         <name>hostrename.c.obj</name>
      </input_file>
      <input_file id="fl-80">
         <path>C:\ti\ccs901\ccs\tools\compiler\ti-cgt-msp430_18.12.1.LTS\lib\</path>
         <kind>archive</kind>
         <file>rts430_eabi.lib</file>
         <name>hostunlink.c.obj</name>
      </input_file>
      <input_file id="fl-81">
         <path>C:\ti\ccs901\ccs\tools\compiler\ti-cgt-msp430_18.12.1.LTS\lib\</path>
         <kind>archive</kind>
         <file>rts430_eabi.lib</file>
         <name>hostwrite.c.obj</name>
      </input_file>
      <input_file id="fl-82">
         <path>C:\ti\ccs901\ccs\tools\compiler\ti-cgt-msp430_18.12.1.LTS\lib\</path>
         <kind>archive</kind>
         <file>rts430_eabi.lib</file>
         <name>trgmsg.c.obj</name>
      </input_file>
      <input_file id="fl-83">
         <path>C:\ti\ccs901\ccs\tools\compiler\ti-cgt-msp430_18.12.1.LTS\lib\</path>
         <kind>archive</kind>
         <file>rts430_eabi.lib</file>
         <name>open.c.obj</name>
      </input_file>
      <input_file id="fl-84">
         <path>C:\ti\ccs901\ccs\tools\compiler\ti-cgt-msp430_18.12.1.LTS\lib\</path>
         <kind>archive</kind>
         <file>rts430_eabi.lib</file>
         <name>lseek.c.obj</name>
      </input_file>
      <input_file id="fl-85">
         <path>C:\ti\ccs901\ccs\tools\compiler\ti-cgt-msp430_18.12.1.LTS\lib\</path>
         <kind>archive</kind>
         <file>rts430_eabi.lib</file>
         <name>fclose.c.obj</name>
      </input_file>
      <input_file id="fl-86">
         <path>C:\ti\ccs901\ccs\tools\compiler\ti-cgt-msp430_18.12.1.LTS\lib\</path>
         <kind>archive</kind>
         <file>rts430_eabi.lib</file>
         <name>getdevice.c.obj</name>
      </input_file>
      <input_file id="fl-87">
         <path>C:\ti\ccs901\ccs\tools\compiler\ti-cgt-msp430_18.12.1.LTS\lib\</path>
         <kind>archive</kind>
         <file>rts430_eabi.lib</file>
         <name>strcmp.c.obj</name>
      </input_file>
      <input_file id="fl-88">
         <path>C:\ti\ccs901\ccs\tools\compiler\ti-cgt-msp430_18.12.1.LTS\lib\</path>
         <kind>archive</kind>
         <file>rts430_eabi.lib</file>
         <name>strcpy.c.obj</name>
      </input_file>
      <input_file id="fl-89">
         <path>C:\ti\ccs901\ccs\tools\compiler\ti-cgt-msp430_18.12.1.LTS\lib\</path>
         <kind>archive</kind>
         <file>rts430_eabi.lib</file>
         <name>strncpy.c.obj</name>
      </input_file>
      <input_file id="fl-8a">
         <path>C:\ti\ccs901\ccs\tools\compiler\ti-cgt-msp430_18.12.1.LTS\lib\</path>
         <kind>archive</kind>
         <file>rts430_eabi.lib</file>
         <name>remove.c.obj</name>
      </input_file>
      <input_file id="fl-8b">
         <path>C:\ti\ccs901\ccs\tools\compiler\ti-cgt-msp430_18.12.1.LTS\lib\</path>
         <kind>archive</kind>
         <file>rts430_eabi.lib</file>
         <name>close.c.obj</name>
      </input_file>
      <input_file id="fl-8c">
         <path>C:\ti\ccs901\ccs\tools\compiler\ti-cgt-msp430_18.12.1.LTS\lib\</path>
         <kind>archive</kind>
         <file>rts430_eabi.lib</file>
         <name>unlink.c.obj</name>
      </input_file>
   </input_file_list>
   <object_component_list>
      <object_component id="oc-584">
         <name>.bss</name>
         <uninitialized>true</uninitialized>
         <run_address>0x14f2</run_address>
         <size>0x2</size>
         <input_file_ref idref="fl-69"/>
      </object_component>
      <object_component id="oc-599">
         <name>.common:__TI_tmpnams</name>
         <uninitialized>true</uninitialized>
         <run_address>0x144a</run_address>
         <size>0xa0</size>
      </object_component>
      <object_component id="oc-5a4">
         <name>.common:parmbuf</name>
         <uninitialized>true</uninitialized>
         <run_address>0x14ea</run_address>
         <size>0x8</size>
      </object_component>
      <object_component id="oc-2a1">
         <name>.data:__TI_cleanup_ptr</name>
         <load_address>0x143a</load_address>
         <run_address>0x143a</run_address>
         <size>0x2</size>
         <input_file_ref idref="fl-49"/>
      </object_component>
      <object_component id="oc-29e">
         <name>.data:__TI_dtors_ptr</name>
         <load_address>0x143c</load_address>
         <run_address>0x143c</run_address>
         <size>0x2</size>
         <input_file_ref idref="fl-49"/>
      </object_component>
      <object_component id="oc-29b">
         <name>.data</name>
         <load_address>0x1446</load_address>
         <run_address>0x1446</run_address>
         <size>0x2</size>
         <input_file_ref idref="fl-5f"/>
      </object_component>
      <object_component id="oc-27d">
         <name>.data:_lock</name>
         <load_address>0x143e</load_address>
         <run_address>0x143e</run_address>
         <size>0x2</size>
         <input_file_ref idref="fl-60"/>
      </object_component>
      <object_component id="oc-295">
         <name>.data:_unlock</name>
         <load_address>0x1440</load_address>
         <run_address>0x1440</run_address>
         <size>0x2</size>
         <input_file_ref idref="fl-60"/>
      </object_component>
      <object_component id="oc-280">
         <name>.data:_ftable</name>
         <load_address>0x134c</load_address>
         <run_address>0x134c</run_address>
         <size>0x78</size>
         <input_file_ref idref="fl-64"/>
      </object_component>
      <object_component id="oc-4dd">
         <name>.data</name>
         <load_address>0x1442</load_address>
         <run_address>0x1442</run_address>
         <size>0x2</size>
         <input_file_ref idref="fl-64"/>
      </object_component>
      <object_component id="oc-589">
         <name>.data</name>
         <load_address>0x1448</load_address>
         <run_address>0x1448</run_address>
         <size>0x2</size>
         <input_file_ref idref="fl-69"/>
      </object_component>
      <object_component id="oc-383">
         <name>.data</name>
         <load_address>0x1444</load_address>
         <run_address>0x1444</run_address>
         <size>0x2</size>
         <input_file_ref idref="fl-6e"/>
      </object_component>
      <object_component id="oc-436">
         <name>.data:_device</name>
         <load_address>0x13c4</load_address>
         <run_address>0x13c4</run_address>
         <size>0x4e</size>
         <input_file_ref idref="fl-70"/>
      </object_component>
      <object_component id="oc-3b4">
         <name>.data:_stream</name>
         <load_address>0x1412</load_address>
         <run_address>0x1412</run_address>
         <size>0x28</size>
         <input_file_ref idref="fl-70"/>
      </object_component>
      <object_component id="oc-160">
         <name>.sysmem</name>
         <uninitialized>true</uninitialized>
         <run_address>0x1100</run_address>
         <size>0x8</size>
         <input_file_ref idref="fl-69"/>
      </object_component>
      <object_component id="oc-6e4">
         <name>.sysmem</name>
         <uninitialized>true</uninitialized>
         <run_address>0x1100</run_address>
         <size>0x0</size>
      </object_component>
      <object_component id="oc-15c">
         <name>.stack</name>
         <uninitialized>true</uninitialized>
         <run_address>0x30b0</run_address>
         <size>0x2</size>
         <input_file_ref idref="fl-46"/>
      </object_component>
      <object_component id="oc-6e3">
         <name>.stack</name>
         <uninitialized>true</uninitialized>
         <run_address>0x30b0</run_address>
         <size>0x0</size>
      </object_component>
      <object_component id="oc-560">
         <name>.text:__TI_frcdivd</name>
         <load_address>0x3100</load_address>
         <run_address>0x3100</run_address>
         <size>0x478</size>
         <input_file_ref idref="fl-5a"/>
      </object_component>
      <object_component id="oc-450">
         <name>.text:__mspabi_divull</name>
         <load_address>0x3578</load_address>
         <run_address>0x3578</run_address>
         <size>0x360</size>
         <input_file_ref idref="fl-4d"/>
      </object_component>
      <object_component id="oc-5df">
         <name>.text:__mspabi_addd</name>
         <load_address>0x38d8</load_address>
         <run_address>0x38d8</run_address>
         <size>0x2fa</size>
         <input_file_ref idref="fl-52"/>
      </object_component>
      <object_component id="oc-28f">
         <name>.text:__TI_printfi</name>
         <load_address>0x3bd2</load_address>
         <run_address>0x3bd2</run_address>
         <size>0x288</size>
         <input_file_ref idref="fl-1e"/>
      </object_component>
      <object_component id="oc-558">
         <name>.text:__TI_frcmpyd</name>
         <load_address>0x3e5a</load_address>
         <run_address>0x3e5a</run_address>
         <size>0x286</size>
         <input_file_ref idref="fl-7a"/>
      </object_component>
      <object_component id="oc-48f">
         <name>.text:__mspabi_mpyd</name>
         <load_address>0x40e0</load_address>
         <run_address>0x40e0</run_address>
         <size>0x26e</size>
         <input_file_ref idref="fl-5b"/>
      </object_component>
      <object_component id="oc-36f">
         <name>.text:_pproc_fgea</name>
         <load_address>0x434e</load_address>
         <run_address>0x434e</run_address>
         <size>0x26e</size>
         <input_file_ref idref="fl-1e"/>
      </object_component>
      <object_component id="oc-635">
         <name>.text:__TI_frcaddd</name>
         <load_address>0x45bc</load_address>
         <run_address>0x45bc</run_address>
         <size>0x260</size>
         <input_file_ref idref="fl-59"/>
      </object_component>
      <object_component id="oc-2ef">
         <name>.text:_setfield</name>
         <load_address>0x481c</load_address>
         <run_address>0x481c</run_address>
         <size>0x252</size>
         <input_file_ref idref="fl-1e"/>
      </object_component>
      <object_component id="oc-4a2">
         <name>.text:acvt</name>
         <load_address>0x4a6e</load_address>
         <run_address>0x4a6e</run_address>
         <size>0x244</size>
         <input_file_ref idref="fl-1e"/>
      </object_component>
      <object_component id="oc-495">
         <name>.text:__mspabi_divd</name>
         <load_address>0x4cb2</load_address>
         <run_address>0x4cb2</run_address>
         <size>0x238</size>
         <input_file_ref idref="fl-54"/>
      </object_component>
      <object_component id="oc-3c6">
         <name>.text:_getarg_diouxp</name>
         <load_address>0x4eea</load_address>
         <run_address>0x4eea</run_address>
         <size>0x1ec</size>
         <input_file_ref idref="fl-1e"/>
      </object_component>
      <object_component id="oc-46f">
         <name>.text:ecvt</name>
         <load_address>0x50d6</load_address>
         <run_address>0x50d6</run_address>
         <size>0x1de</size>
         <input_file_ref idref="fl-1e"/>
      </object_component>
      <object_component id="oc-482">
         <name>.text:fcvt</name>
         <load_address>0x52b4</load_address>
         <run_address>0x52b4</run_address>
         <size>0x1c4</size>
         <input_file_ref idref="fl-1e"/>
      </object_component>
      <object_component id="oc-3f0">
         <name>.text:_pconv_e</name>
         <load_address>0x5478</load_address>
         <run_address>0x5478</run_address>
         <size>0x1a6</size>
         <input_file_ref idref="fl-1e"/>
      </object_component>
      <object_component id="oc-3f6">
         <name>.text:_pconv_a</name>
         <load_address>0x561e</load_address>
         <run_address>0x561e</run_address>
         <size>0x174</size>
         <input_file_ref idref="fl-1e"/>
      </object_component>
      <object_component id="oc-56f">
         <name>.text:scalbn</name>
         <load_address>0x5792</load_address>
         <run_address>0x5792</run_address>
         <size>0x16a</size>
         <input_file_ref idref="fl-24"/>
      </object_component>
      <object_component id="oc-369">
         <name>.text:_pproc_diouxp</name>
         <load_address>0x58fc</load_address>
         <run_address>0x58fc</run_address>
         <size>0x14c</size>
         <input_file_ref idref="fl-1e"/>
      </object_component>
      <object_component id="oc-3cc">
         <name>.text:_ltostr</name>
         <load_address>0x5a48</load_address>
         <run_address>0x5a48</run_address>
         <size>0x12e</size>
         <input_file_ref idref="fl-1e"/>
      </object_component>
      <object_component id="oc-3e4">
         <name>.text:_pconv_g</name>
         <load_address>0x5b76</load_address>
         <run_address>0x5b76</run_address>
         <size>0xf8</size>
         <input_file_ref idref="fl-1e"/>
      </object_component>
      <object_component id="oc-2d5">
         <name>.text:fputs</name>
         <load_address>0x5c6e</load_address>
         <run_address>0x5c6e</run_address>
         <size>0xea</size>
         <input_file_ref idref="fl-20"/>
      </object_component>
      <object_component id="oc-4d0">
         <name>.text:aligned_alloc</name>
         <load_address>0x5d58</load_address>
         <run_address>0x5d58</run_address>
         <size>0xe6</size>
         <input_file_ref idref="fl-69"/>
      </object_component>
      <object_component id="oc-2e9">
         <name>.text:_pproc_fwp</name>
         <load_address>0x5e3e</load_address>
         <run_address>0x5e3e</run_address>
         <size>0xe0</size>
         <input_file_ref idref="fl-1e"/>
      </object_component>
      <object_component id="oc-3fc">
         <name>.text:__mspabi_cmpd</name>
         <load_address>0x5f1e</load_address>
         <run_address>0x5f1e</run_address>
         <size>0xdc</size>
         <input_file_ref idref="fl-53"/>
      </object_component>
      <object_component id="oc-3a8">
         <name>.text:setvbuf</name>
         <load_address>0x5ffa</load_address>
         <run_address>0x5ffa</run_address>
         <size>0xd0</size>
         <input_file_ref idref="fl-22"/>
      </object_component>
      <object_component id="oc-417">
         <name>.text:free</name>
         <load_address>0x60ca</load_address>
         <run_address>0x60ca</run_address>
         <size>0xca</size>
         <input_file_ref idref="fl-69"/>
      </object_component>
      <object_component id="oc-2fb">
         <name>.text:_pproc_wstr</name>
         <load_address>0x6194</load_address>
         <run_address>0x6194</run_address>
         <size>0xc4</size>
         <input_file_ref idref="fl-1e"/>
      </object_component>
      <object_component id="oc-66e">
         <name>.text:__TI_renormd</name>
         <load_address>0x6258</load_address>
         <run_address>0x6258</run_address>
         <size>0xbe</size>
         <input_file_ref idref="fl-5d"/>
      </object_component>
      <object_component id="oc-49c">
         <name>.text:frexp</name>
         <load_address>0x6316</load_address>
         <run_address>0x6316</run_address>
         <size>0xb0</size>
         <input_file_ref idref="fl-23"/>
      </object_component>
      <object_component id="oc-53b">
         <name>.text:__mspabi_fltlid</name>
         <load_address>0x63c6</load_address>
         <run_address>0x63c6</run_address>
         <size>0xac</size>
         <input_file_ref idref="fl-58"/>
      </object_component>
      <object_component id="oc-2f5">
         <name>.text:_pproc_str</name>
         <load_address>0x6472</load_address>
         <run_address>0x6472</run_address>
         <size>0xac</size>
         <input_file_ref idref="fl-1e"/>
      </object_component>
      <object_component id="oc-47b">
         <name>.text:_mcpy</name>
         <load_address>0x651e</load_address>
         <run_address>0x651e</run_address>
         <size>0x92</size>
         <input_file_ref idref="fl-1e"/>
      </object_component>
      <object_component id="oc-2dc">
         <name>.text:fputc</name>
         <load_address>0x65b0</load_address>
         <run_address>0x65b0</run_address>
         <size>0x90</size>
         <input_file_ref idref="fl-1f"/>
      </object_component>
      <object_component id="oc-475">
         <name>.text:_ecpy</name>
         <load_address>0x6640</load_address>
         <run_address>0x6640</run_address>
         <size>0x8e</size>
         <input_file_ref idref="fl-1e"/>
      </object_component>
      <object_component id="oc-4fb">
         <name>.text:HOSTlseek</name>
         <load_address>0x66ce</load_address>
         <run_address>0x66ce</run_address>
         <size>0x88</size>
         <input_file_ref idref="fl-7c"/>
      </object_component>
      <object_component id="oc-535">
         <name>.text:ltoa</name>
         <load_address>0x6756</load_address>
         <run_address>0x6756</run_address>
         <size>0x84</size>
         <input_file_ref idref="fl-65"/>
      </object_component>
      <object_component id="oc-22a">
         <name>.text:myPower</name>
         <load_address>0x67da</load_address>
         <run_address>0x67da</run_address>
         <size>0x82</size>
         <input_file_ref idref="fl-2"/>
      </object_component>
      <object_component id="oc-47">
         <name>.text:decompress:lzss:__TI_decompress_lzss</name>
         <load_address>0x685c</load_address>
         <run_address>0x685c</run_address>
         <size>0x7c</size>
         <input_file_ref idref="fl-51"/>
      </object_component>
      <object_component id="oc-33d">
         <name>.text:__TI_wrt_ok</name>
         <load_address>0x68d8</load_address>
         <run_address>0x68d8</run_address>
         <size>0x7a</size>
         <input_file_ref idref="fl-21"/>
      </object_component>
      <object_component id="oc-3ea">
         <name>.text:_pconv_f</name>
         <load_address>0x6952</load_address>
         <run_address>0x6952</run_address>
         <size>0x7a</size>
         <input_file_ref idref="fl-1e"/>
      </object_component>
      <object_component id="oc-4d7">
         <name>.text:__TI_closefile</name>
         <load_address>0x69cc</load_address>
         <run_address>0x69cc</run_address>
         <size>0x72</size>
         <input_file_ref idref="fl-85"/>
      </object_component>
      <object_component id="oc-52f">
         <name>.text:__mspabi_fixdli</name>
         <load_address>0x6a3e</load_address>
         <run_address>0x6a3e</run_address>
         <size>0x72</size>
         <input_file_ref idref="fl-56"/>
      </object_component>
      <object_component id="oc-3a2">
         <name>.text:fseek</name>
         <load_address>0x6ab0</load_address>
         <run_address>0x6ab0</run_address>
         <size>0x70</size>
         <input_file_ref idref="fl-74"/>
      </object_component>
      <object_component id="oc-58c">
         <name>.text:split</name>
         <load_address>0x6b20</load_address>
         <run_address>0x6b20</run_address>
         <size>0x6e</size>
         <input_file_ref idref="fl-69"/>
      </object_component>
      <object_component id="oc-507">
         <name>.text:HOSTrename</name>
         <load_address>0x6b8e</load_address>
         <run_address>0x6b8e</run_address>
         <size>0x6a</size>
         <input_file_ref idref="fl-7f"/>
      </object_component>
      <object_component id="oc-4e3">
         <name>.text:HOSTopen</name>
         <load_address>0x6bf8</load_address>
         <run_address>0x6bf8</run_address>
         <size>0x66</size>
         <input_file_ref idref="fl-7d"/>
      </object_component>
      <object_component id="oc-4f5">
         <name>.text:HOSTwrite</name>
         <load_address>0x6c5e</load_address>
         <run_address>0x6c5e</run_address>
         <size>0x62</size>
         <input_file_ref idref="fl-81"/>
      </object_component>
      <object_component id="oc-349">
         <name>.text:__TI_doflush</name>
         <load_address>0x6cc0</load_address>
         <run_address>0x6cc0</run_address>
         <size>0x62</size>
         <input_file_ref idref="fl-72"/>
      </object_component>
      <object_component id="oc-4ef">
         <name>.text:HOSTread</name>
         <load_address>0x6d22</load_address>
         <run_address>0x6d22</run_address>
         <size>0x60</size>
         <input_file_ref idref="fl-7e"/>
      </object_component>
      <object_component id="oc-5d8">
         <name>.text:l_lsr_const</name>
         <load_address>0x6d82</load_address>
         <run_address>0x6d82</run_address>
         <size>0x5c</size>
         <input_file_ref idref="fl-78"/>
      </object_component>
      <object_component id="oc-25c">
         <name>.text:__TI_auto_init_nobinit_nopinit_hold_wdt:__TI_auto_init_nobinit_nopinit_hold_wdt</name>
         <load_address>0x6dde</load_address>
         <run_address>0x6dde</run_address>
         <size>0x58</size>
         <input_file_ref idref="fl-47"/>
      </object_component>
      <object_component id="oc-60e">
         <name>.text:getdevice</name>
         <load_address>0x6e36</load_address>
         <run_address>0x6e36</run_address>
         <size>0x58</size>
         <input_file_ref idref="fl-86"/>
      </object_component>
      <object_component id="oc-456">
         <name>.text</name>
         <load_address>0x6e8e</load_address>
         <run_address>0x6e8e</run_address>
         <size>0x58</size>
         <input_file_ref idref="fl-29"/>
      </object_component>
      <object_component id="oc-1f6">
         <name>.text:main</name>
         <load_address>0x6ee6</load_address>
         <run_address>0x6ee6</run_address>
         <size>0x54</size>
         <input_file_ref idref="fl-2"/>
      </object_component>
      <object_component id="oc-35b">
         <name>.text:atoi</name>
         <load_address>0x6f3a</load_address>
         <run_address>0x6f3a</run_address>
         <size>0x52</size>
         <input_file_ref idref="fl-62"/>
      </object_component>
      <object_component id="oc-488">
         <name>.text:_fcpy</name>
         <load_address>0x6f8c</load_address>
         <run_address>0x6f8c</run_address>
         <size>0x4e</size>
         <input_file_ref idref="fl-1e"/>
      </object_component>
      <object_component id="oc-168">
         <name>.text</name>
         <load_address>0x6fda</load_address>
         <run_address>0x6fda</run_address>
         <size>0x4c</size>
         <input_file_ref idref="fl-3e"/>
      </object_component>
      <object_component id="oc-593">
         <name>.text:close</name>
         <load_address>0x7026</load_address>
         <run_address>0x7026</run_address>
         <size>0x4a</size>
         <input_file_ref idref="fl-8b"/>
      </object_component>
      <object_component id="oc-460">
         <name>.text:__mspabi_srlll</name>
         <load_address>0x7070</load_address>
         <run_address>0x7070</run_address>
         <size>0x46</size>
         <input_file_ref idref="fl-4c"/>
      </object_component>
      <object_component id="oc-4e9">
         <name>.text:HOSTclose</name>
         <load_address>0x70b6</load_address>
         <run_address>0x70b6</run_address>
         <size>0x44</size>
         <input_file_ref idref="fl-7b"/>
      </object_component>
      <object_component id="oc-513">
         <name>.text:__mspabi_sllll</name>
         <load_address>0x70fa</load_address>
         <run_address>0x70fa</run_address>
         <size>0x44</size>
         <input_file_ref idref="fl-79"/>
      </object_component>
      <object_component id="oc-23e">
         <name>.text:exit</name>
         <load_address>0x713e</load_address>
         <run_address>0x713e</run_address>
         <size>0x44</size>
         <input_file_ref idref="fl-5f"/>
      </object_component>
      <object_component id="oc-501">
         <name>.text:HOSTunlink</name>
         <load_address>0x7182</load_address>
         <run_address>0x7182</run_address>
         <size>0x40</size>
         <input_file_ref idref="fl-80"/>
      </object_component>
      <object_component id="oc-5d1">
         <name>.text</name>
         <load_address>0x71c2</load_address>
         <run_address>0x71c2</run_address>
         <size>0x40</size>
         <input_file_ref idref="fl-76"/>
      </object_component>
      <object_component id="oc-5e8">
         <name>.text:l_asr_const</name>
         <load_address>0x7202</load_address>
         <run_address>0x7202</run_address>
         <size>0x3e</size>
         <input_file_ref idref="fl-75"/>
      </object_component>
      <object_component id="oc-5ba">
         <name>.text:l_lsl_const</name>
         <load_address>0x7240</load_address>
         <run_address>0x7240</run_address>
         <size>0x3e</size>
         <input_file_ref idref="fl-77"/>
      </object_component>
      <object_component id="oc-231">
         <name>.text:printf</name>
         <load_address>0x727e</load_address>
         <run_address>0x727e</run_address>
         <size>0x3c</size>
         <input_file_ref idref="fl-1d"/>
      </object_component>
      <object_component id="oc-423">
         <name>.text:__TI_cleanup</name>
         <load_address>0x72ba</load_address>
         <run_address>0x72ba</run_address>
         <size>0x34</size>
         <input_file_ref idref="fl-73"/>
      </object_component>
      <object_component id="oc-64f">
         <name>.text:finddevice</name>
         <load_address>0x72ee</load_address>
         <run_address>0x72ee</run_address>
         <size>0x34</size>
         <input_file_ref idref="fl-86"/>
      </object_component>
      <object_component id="oc-5a7">
         <name>.text:__TI_writemsg</name>
         <load_address>0x7322</load_address>
         <run_address>0x7322</run_address>
         <size>0x2e</size>
         <input_file_ref idref="fl-82"/>
      </object_component>
      <object_component id="oc-541">
         <name>.text:__mspabi_subd</name>
         <load_address>0x7350</load_address>
         <run_address>0x7350</run_address>
         <size>0x2e</size>
         <input_file_ref idref="fl-5e"/>
      </object_component>
      <object_component id="oc-5fc">
         <name>.text:copysign</name>
         <load_address>0x737e</load_address>
         <run_address>0x737e</run_address>
         <size>0x2e</size>
         <input_file_ref idref="fl-26"/>
      </object_component>
      <object_component id="oc-277">
         <name>.text</name>
         <load_address>0x73ac</load_address>
         <run_address>0x73ac</run_address>
         <size>0x2e</size>
         <input_file_ref idref="fl-43"/>
      </object_component>
      <object_component id="oc-5ad">
         <name>.text:__TI_readmsg</name>
         <load_address>0x73da</load_address>
         <run_address>0x73da</run_address>
         <size>0x2c</size>
         <input_file_ref idref="fl-82"/>
      </object_component>
      <object_component id="oc-522">
         <name>.text</name>
         <load_address>0x7406</load_address>
         <run_address>0x7406</run_address>
         <size>0x2c</size>
         <input_file_ref idref="fl-27"/>
      </object_component>
      <object_component id="oc-163">
         <name>.text</name>
         <load_address>0x7432</load_address>
         <run_address>0x7432</run_address>
         <size>0x2c</size>
         <input_file_ref idref="fl-3d"/>
      </object_component>
      <object_component id="oc-649">
         <name>.text:strncpy</name>
         <load_address>0x745e</load_address>
         <run_address>0x745e</run_address>
         <size>0x2c</size>
         <input_file_ref idref="fl-89"/>
      </object_component>
      <object_component id="oc-3de">
         <name>.text:__mspabi_negd</name>
         <load_address>0x748a</load_address>
         <run_address>0x748a</run_address>
         <size>0x2a</size>
         <input_file_ref idref="fl-5c"/>
      </object_component>
      <object_component id="oc-547">
         <name>.text:__mspabi_fixdi</name>
         <load_address>0x74b4</load_address>
         <run_address>0x74b4</run_address>
         <size>0x28</size>
         <input_file_ref idref="fl-55"/>
      </object_component>
      <object_component id="oc-4c9">
         <name>.text:free_list_insert</name>
         <load_address>0x74dc</load_address>
         <run_address>0x74dc</run_address>
         <size>0x28</size>
         <input_file_ref idref="fl-69"/>
      </object_component>
      <object_component id="oc-59a">
         <name>.text:unlink</name>
         <load_address>0x7504</load_address>
         <run_address>0x7504</run_address>
         <size>0x28</size>
         <input_file_ref idref="fl-8c"/>
      </object_component>
      <object_component id="oc-40f">
         <name>.text:lseek</name>
         <load_address>0x752c</load_address>
         <run_address>0x752c</run_address>
         <size>0x26</size>
         <input_file_ref idref="fl-84"/>
      </object_component>
      <object_component id="oc-34f">
         <name>.text:write</name>
         <load_address>0x7552</load_address>
         <run_address>0x7552</run_address>
         <size>0x24</size>
         <input_file_ref idref="fl-6f"/>
      </object_component>
      <object_component id="oc-1a1">
         <name>.text:_c_int00_noargs</name>
         <load_address>0x7576</load_address>
         <run_address>0x7576</run_address>
         <size>0x1c</size>
         <input_file_ref idref="fl-46"/>
      </object_component>
      <object_component id="oc-4c3">
         <name>.text:free_list_remove</name>
         <load_address>0x7592</load_address>
         <run_address>0x7592</run_address>
         <size>0x1c</size>
         <input_file_ref idref="fl-69"/>
      </object_component>
      <object_component id="oc-375">
         <name>.text:memccpy</name>
         <load_address>0x75ae</load_address>
         <run_address>0x75ae</run_address>
         <size>0x1a</size>
         <input_file_ref idref="fl-66"/>
      </object_component>
      <object_component id="oc-575">
         <name>.text:strchr</name>
         <load_address>0x75c8</load_address>
         <run_address>0x75c8</run_address>
         <size>0x1a</size>
         <input_file_ref idref="fl-6b"/>
      </object_component>
      <object_component id="oc-67a">
         <name>.text:strcmp</name>
         <load_address>0x75e2</load_address>
         <run_address>0x75e2</run_address>
         <size>0x18</size>
         <input_file_ref idref="fl-87"/>
      </object_component>
      <object_component id="oc-45b">
         <name>.text</name>
         <load_address>0x75fa</load_address>
         <run_address>0x75fa</run_address>
         <size>0x16</size>
         <input_file_ref idref="fl-28"/>
      </object_component>
      <object_component id="oc-18f">
         <name>.text:decompress:ZI:__TI_zero_init_nomemset:__TI_zero_init_nomemset</name>
         <load_address>0x7610</load_address>
         <run_address>0x7610</run_address>
         <size>0x14</size>
         <input_file_ref idref="fl-48"/>
      </object_component>
      <object_component id="oc-343">
         <name>.text:memchr</name>
         <load_address>0x7624</load_address>
         <run_address>0x7624</run_address>
         <size>0x14</size>
         <input_file_ref idref="fl-67"/>
      </object_component>
      <object_component id="oc-362">
         <name>.text:memset</name>
         <load_address>0x7638</load_address>
         <run_address>0x7638</run_address>
         <size>0x14</size>
         <input_file_ref idref="fl-6a"/>
      </object_component>
      <object_component id="oc-32c">
         <name>.text</name>
         <load_address>0x764c</load_address>
         <run_address>0x764c</run_address>
         <size>0x14</size>
         <input_file_ref idref="fl-40"/>
      </object_component>
      <object_component id="oc-37d">
         <name>.text:wcslen</name>
         <load_address>0x7660</load_address>
         <run_address>0x7660</run_address>
         <size>0x14</size>
         <input_file_ref idref="fl-25"/>
      </object_component>
      <object_component id="oc-4d">
         <name>.text:decompress:none:__TI_decompress_none</name>
         <load_address>0x7674</load_address>
         <run_address>0x7674</run_address>
         <size>0x12</size>
         <input_file_ref idref="fl-50"/>
      </object_component>
      <object_component id="oc-519">
         <name>.text:l_lsr</name>
         <load_address>0x7686</load_address>
         <run_address>0x7686</run_address>
         <size>0x12</size>
         <input_file_ref idref="fl-78"/>
      </object_component>
      <object_component id="oc-17d">
         <name>.text:memcpy</name>
         <load_address>0x7698</load_address>
         <run_address>0x7698</run_address>
         <size>0x12</size>
         <input_file_ref idref="fl-68"/>
      </object_component>
      <object_component id="oc-669">
         <name>.text:l_asr</name>
         <load_address>0x76aa</load_address>
         <run_address>0x76aa</run_address>
         <size>0x10</size>
         <input_file_ref idref="fl-75"/>
      </object_component>
      <object_component id="oc-664">
         <name>.text:l_lsl</name>
         <load_address>0x76ba</load_address>
         <run_address>0x76ba</run_address>
         <size>0x10</size>
         <input_file_ref idref="fl-77"/>
      </object_component>
      <object_component id="oc-16d">
         <name>.text</name>
         <load_address>0x76ca</load_address>
         <run_address>0x76ca</run_address>
         <size>0x10</size>
         <input_file_ref idref="fl-2a"/>
      </object_component>
      <object_component id="oc-5c3">
         <name>.text:strcpy</name>
         <load_address>0x76da</load_address>
         <run_address>0x76da</run_address>
         <size>0x10</size>
         <input_file_ref idref="fl-88"/>
      </object_component>
      <object_component id="oc-2e3">
         <name>.text:strlen</name>
         <load_address>0x76ea</load_address>
         <run_address>0x76ea</run_address>
         <size>0xe</size>
         <input_file_ref idref="fl-6c"/>
      </object_component>
      <object_component id="oc-57b">
         <name>.text:__mspabi_fltid</name>
         <load_address>0x76f8</load_address>
         <run_address>0x76f8</run_address>
         <size>0xc</size>
         <input_file_ref idref="fl-57"/>
      </object_component>
      <object_component id="oc-3d8">
         <name>.text:toupper</name>
         <load_address>0x7704</load_address>
         <run_address>0x7704</run_address>
         <size>0xc</size>
         <input_file_ref idref="fl-6d"/>
      </object_component>
      <object_component id="oc-54e">
         <name>.text:abs</name>
         <load_address>0x7710</load_address>
         <run_address>0x7710</run_address>
         <size>0xa</size>
         <input_file_ref idref="fl-71"/>
      </object_component>
      <object_component id="oc-41d">
         <name>.text:malloc</name>
         <load_address>0x771a</load_address>
         <run_address>0x771a</run_address>
         <size>0x8</size>
         <input_file_ref idref="fl-69"/>
      </object_component>
      <object_component id="oc-289">
         <name>.text:_outc</name>
         <load_address>0x7722</load_address>
         <run_address>0x7722</run_address>
         <size>0x6</size>
         <input_file_ref idref="fl-1d"/>
      </object_component>
      <object_component id="oc-238">
         <name>.text:abort</name>
         <load_address>0x7728</load_address>
         <run_address>0x7728</run_address>
         <size>0x6</size>
         <input_file_ref idref="fl-5f"/>
      </object_component>
      <object_component id="oc-283">
         <name>.text:_outs</name>
         <load_address>0x772e</load_address>
         <run_address>0x772e</run_address>
         <size>0x4</size>
         <input_file_ref idref="fl-1d"/>
      </object_component>
      <object_component id="oc-1f0">
         <name>.text:_system_pre_init</name>
         <load_address>0x7732</load_address>
         <run_address>0x7732</run_address>
         <size>0x4</size>
         <input_file_ref idref="fl-4e"/>
      </object_component>
      <object_component id="oc-2c8">
         <name>.text:_nop</name>
         <load_address>0x7736</load_address>
         <run_address>0x7736</run_address>
         <size>0x2</size>
         <input_file_ref idref="fl-60"/>
      </object_component>
      <object_component id="oc-2a6">
         <name>.text:_system_post_cinit</name>
         <load_address>0x7738</load_address>
         <run_address>0x7738</run_address>
         <size>0x2</size>
         <input_file_ref idref="fl-4f"/>
      </object_component>
      <object_component id="oc-18a">
         <name>.text:_isr:__TI_ISR_TRAP</name>
         <load_address>0x7884</load_address>
         <run_address>0x7884</run_address>
         <size>0x8</size>
         <input_file_ref idref="fl-3c"/>
      </object_component>
      <object_component id="oc-6e2">
         <name>.cinit..data.load</name>
         <load_address>0x788c</load_address>
         <run_address>0x788c</run_address>
         <size>0x44</size>
      </object_component>
      <object_component id="oc-6df">
         <name>__TI_handler_table</name>
         <load_address>0x78d0</load_address>
         <run_address>0x78d0</run_address>
         <size>0x6</size>
      </object_component>
      <object_component id="oc-6e1">
         <name>.cinit..bss.load</name>
         <load_address>0x78d6</load_address>
         <run_address>0x78d6</run_address>
         <size>0x4</size>
      </object_component>
      <object_component id="oc-6e0">
         <name>__TI_cinit_table</name>
         <load_address>0x78da</load_address>
         <run_address>0x78da</run_address>
         <size>0x8</size>
      </object_component>
      <object_component id="oc-3bf">
         <name>.const:.string:_ctypes_</name>
         <load_address>0x773a</load_address>
         <run_address>0x773a</run_address>
         <size>0x101</size>
         <input_file_ref idref="fl-63"/>
      </object_component>
      <object_component id="oc-368">
         <name>.const:.string</name>
         <load_address>0x783c</load_address>
         <run_address>0x783c</run_address>
         <size>0x26</size>
         <input_file_ref idref="fl-1e"/>
      </object_component>
      <object_component id="oc-230">
         <name>.const:.string</name>
         <load_address>0x7862</load_address>
         <run_address>0x7862</run_address>
         <size>0x22</size>
         <input_file_ref idref="fl-2"/>
      </object_component>
      <object_component id="oc-61a">
         <name>.cio</name>
         <uninitialized>true</uninitialized>
         <run_address>0x122c</run_address>
         <size>0x120</size>
         <input_file_ref idref="fl-82"/>
      </object_component>
      <object_component id="oc-692">
         <name>.binit</name>
         <load_address>0x3100</load_address>
         <run_address>0x3100</run_address>
         <size>0x0</size>
      </object_component>
      <object_component id="oc-53">
         <name>.int14</name>
         <load_address>0xffdc</load_address>
         <run_address>0xffdc</run_address>
         <size>0x2</size>
         <input_file_ref idref="fl-2b"/>
      </object_component>
      <object_component id="oc-54">
         <name>.int15</name>
         <load_address>0xffde</load_address>
         <run_address>0xffde</run_address>
         <size>0x2</size>
         <input_file_ref idref="fl-2c"/>
      </object_component>
      <object_component id="oc-55">
         <name>.int16</name>
         <load_address>0xffe0</load_address>
         <run_address>0xffe0</run_address>
         <size>0x2</size>
         <input_file_ref idref="fl-2d"/>
      </object_component>
      <object_component id="oc-56">
         <name>.int17</name>
         <load_address>0xffe2</load_address>
         <run_address>0xffe2</run_address>
         <size>0x2</size>
         <input_file_ref idref="fl-2e"/>
      </object_component>
      <object_component id="oc-57">
         <name>.int18</name>
         <load_address>0xffe4</load_address>
         <run_address>0xffe4</run_address>
         <size>0x2</size>
         <input_file_ref idref="fl-2f"/>
      </object_component>
      <object_component id="oc-58">
         <name>.int19</name>
         <load_address>0xffe6</load_address>
         <run_address>0xffe6</run_address>
         <size>0x2</size>
         <input_file_ref idref="fl-30"/>
      </object_component>
      <object_component id="oc-59">
         <name>.int20</name>
         <load_address>0xffe8</load_address>
         <run_address>0xffe8</run_address>
         <size>0x2</size>
         <input_file_ref idref="fl-31"/>
      </object_component>
      <object_component id="oc-5a">
         <name>.int21</name>
         <load_address>0xffea</load_address>
         <run_address>0xffea</run_address>
         <size>0x2</size>
         <input_file_ref idref="fl-32"/>
      </object_component>
      <object_component id="oc-5b">
         <name>.int22</name>
         <load_address>0xffec</load_address>
         <run_address>0xffec</run_address>
         <size>0x2</size>
         <input_file_ref idref="fl-33"/>
      </object_component>
      <object_component id="oc-5c">
         <name>.int23</name>
         <load_address>0xffee</load_address>
         <run_address>0xffee</run_address>
         <size>0x2</size>
         <input_file_ref idref="fl-34"/>
      </object_component>
      <object_component id="oc-5d">
         <name>.int24</name>
         <load_address>0xfff0</load_address>
         <run_address>0xfff0</run_address>
         <size>0x2</size>
         <input_file_ref idref="fl-35"/>
      </object_component>
      <object_component id="oc-5e">
         <name>.int25</name>
         <load_address>0xfff2</load_address>
         <run_address>0xfff2</run_address>
         <size>0x2</size>
         <input_file_ref idref="fl-36"/>
      </object_component>
      <object_component id="oc-5f">
         <name>.int26</name>
         <load_address>0xfff4</load_address>
         <run_address>0xfff4</run_address>
         <size>0x2</size>
         <input_file_ref idref="fl-37"/>
      </object_component>
      <object_component id="oc-60">
         <name>.int27</name>
         <load_address>0xfff6</load_address>
         <run_address>0xfff6</run_address>
         <size>0x2</size>
         <input_file_ref idref="fl-38"/>
      </object_component>
      <object_component id="oc-61">
         <name>.int28</name>
         <load_address>0xfff8</load_address>
         <run_address>0xfff8</run_address>
         <size>0x2</size>
         <input_file_ref idref="fl-39"/>
      </object_component>
      <object_component id="oc-62">
         <name>.int29</name>
         <load_address>0xfffa</load_address>
         <run_address>0xfffa</run_address>
         <size>0x2</size>
         <input_file_ref idref="fl-3a"/>
      </object_component>
      <object_component id="oc-63">
         <name>.int30</name>
         <load_address>0xfffc</load_address>
         <run_address>0xfffc</run_address>
         <size>0x2</size>
         <input_file_ref idref="fl-3b"/>
      </object_component>
      <object_component id="oc-15f">
         <name>.reset</name>
         <load_address>0xfffe</load_address>
         <run_address>0xfffe</run_address>
         <size>0x2</size>
         <input_file_ref idref="fl-46"/>
      </object_component>
      <object_component id="oc-40e">
         <name>.debug_info</name>
         <load_address>0x0</load_address>
         <run_address>0x0</run_address>
         <size>0x1b3</size>
         <input_file_ref idref="fl-2"/>
      </object_component>
      <object_component id="oc-1f7">
         <name>.debug_info</name>
         <load_address>0x1b3</load_address>
         <run_address>0x1b3</run_address>
         <size>0x178</size>
         <input_file_ref idref="fl-2"/>
      </object_component>
      <object_component id="oc-22b">
         <name>.debug_info</name>
         <load_address>0x32b</load_address>
         <run_address>0x32b</run_address>
         <size>0x19d</size>
         <input_file_ref idref="fl-2"/>
      </object_component>
      <object_component id="oc-4ba">
         <name>.debug_info</name>
         <load_address>0x4c8</load_address>
         <run_address>0x4c8</run_address>
         <size>0x26b</size>
         <input_file_ref idref="fl-2"/>
      </object_component>
      <object_component id="oc-178">
         <name>.debug_info</name>
         <load_address>0x733</load_address>
         <run_address>0x733</run_address>
         <size>0x84</size>
         <input_file_ref idref="fl-2"/>
      </object_component>
      <object_component id="oc-393">
         <name>.debug_info</name>
         <load_address>0x7b7</load_address>
         <run_address>0x7b7</run_address>
         <size>0x275</size>
         <input_file_ref idref="fl-2"/>
      </object_component>
      <object_component id="oc-303">
         <name>.debug_info</name>
         <load_address>0xa2c</load_address>
         <run_address>0xa2c</run_address>
         <size>0x2c</size>
         <input_file_ref idref="fl-2"/>
      </object_component>
      <object_component id="oc-299">
         <name>.debug_info</name>
         <load_address>0xa58</load_address>
         <run_address>0xa58</run_address>
         <size>0x2c1</size>
         <input_file_ref idref="fl-1d"/>
      </object_component>
      <object_component id="oc-28a">
         <name>.debug_info</name>
         <load_address>0xd19</load_address>
         <run_address>0xd19</run_address>
         <size>0x166</size>
         <input_file_ref idref="fl-1d"/>
      </object_component>
      <object_component id="oc-284">
         <name>.debug_info</name>
         <load_address>0xe7f</load_address>
         <run_address>0xe7f</run_address>
         <size>0x16a</size>
         <input_file_ref idref="fl-1d"/>
      </object_component>
      <object_component id="oc-232">
         <name>.debug_info</name>
         <load_address>0xfe9</load_address>
         <run_address>0xfe9</run_address>
         <size>0x188</size>
         <input_file_ref idref="fl-1d"/>
      </object_component>
      <object_component id="oc-311">
         <name>.debug_info</name>
         <load_address>0x1171</load_address>
         <run_address>0x1171</run_address>
         <size>0xb2</size>
         <input_file_ref idref="fl-1d"/>
      </object_component>
      <object_component id="oc-302">
         <name>.debug_info</name>
         <load_address>0x1223</load_address>
         <run_address>0x1223</run_address>
         <size>0x428</size>
         <input_file_ref idref="fl-1e"/>
      </object_component>
      <object_component id="oc-2ea">
         <name>.debug_info</name>
         <load_address>0x164b</load_address>
         <run_address>0x164b</run_address>
         <size>0x232</size>
         <input_file_ref idref="fl-1e"/>
      </object_component>
      <object_component id="oc-3c7">
         <name>.debug_info</name>
         <load_address>0x187d</load_address>
         <run_address>0x187d</run_address>
         <size>0x1b7</size>
         <input_file_ref idref="fl-1e"/>
      </object_component>
      <object_component id="oc-3cd">
         <name>.debug_info</name>
         <load_address>0x1a34</load_address>
         <run_address>0x1a34</run_address>
         <size>0x28b</size>
         <input_file_ref idref="fl-1e"/>
      </object_component>
      <object_component id="oc-36a">
         <name>.debug_info</name>
         <load_address>0x1cbf</load_address>
         <run_address>0x1cbf</run_address>
         <size>0x24f</size>
         <input_file_ref idref="fl-1e"/>
      </object_component>
      <object_component id="oc-471">
         <name>.debug_info</name>
         <load_address>0x1f0e</load_address>
         <run_address>0x1f0e</run_address>
         <size>0x3cf</size>
         <input_file_ref idref="fl-1e"/>
      </object_component>
      <object_component id="oc-476">
         <name>.debug_info</name>
         <load_address>0x22dd</load_address>
         <run_address>0x22dd</run_address>
         <size>0x1c1</size>
         <input_file_ref idref="fl-1e"/>
      </object_component>
      <object_component id="oc-47c">
         <name>.debug_info</name>
         <load_address>0x249e</load_address>
         <run_address>0x249e</run_address>
         <size>0x21f</size>
         <input_file_ref idref="fl-1e"/>
      </object_component>
      <object_component id="oc-3e5">
         <name>.debug_info</name>
         <load_address>0x26bd</load_address>
         <run_address>0x26bd</run_address>
         <size>0x271</size>
         <input_file_ref idref="fl-1e"/>
      </object_component>
      <object_component id="oc-483">
         <name>.debug_info</name>
         <load_address>0x292e</load_address>
         <run_address>0x292e</run_address>
         <size>0x3e6</size>
         <input_file_ref idref="fl-1e"/>
      </object_component>
      <object_component id="oc-489">
         <name>.debug_info</name>
         <load_address>0x2d14</load_address>
         <run_address>0x2d14</run_address>
         <size>0x20a</size>
         <input_file_ref idref="fl-1e"/>
      </object_component>
      <object_component id="oc-3eb">
         <name>.debug_info</name>
         <load_address>0x2f1e</load_address>
         <run_address>0x2f1e</run_address>
         <size>0x236</size>
         <input_file_ref idref="fl-1e"/>
      </object_component>
      <object_component id="oc-3f1">
         <name>.debug_info</name>
         <load_address>0x3154</load_address>
         <run_address>0x3154</run_address>
         <size>0x37a</size>
         <input_file_ref idref="fl-1e"/>
      </object_component>
      <object_component id="oc-4a3">
         <name>.debug_info</name>
         <load_address>0x34ce</load_address>
         <run_address>0x34ce</run_address>
         <size>0x45d</size>
         <input_file_ref idref="fl-1e"/>
      </object_component>
      <object_component id="oc-3f7">
         <name>.debug_info</name>
         <load_address>0x392b</load_address>
         <run_address>0x392b</run_address>
         <size>0x284</size>
         <input_file_ref idref="fl-1e"/>
      </object_component>
      <object_component id="oc-370">
         <name>.debug_info</name>
         <load_address>0x3baf</load_address>
         <run_address>0x3baf</run_address>
         <size>0x399</size>
         <input_file_ref idref="fl-1e"/>
      </object_component>
      <object_component id="oc-2f0">
         <name>.debug_info</name>
         <load_address>0x3f48</load_address>
         <run_address>0x3f48</run_address>
         <size>0x309</size>
         <input_file_ref idref="fl-1e"/>
      </object_component>
      <object_component id="oc-2f7">
         <name>.debug_info</name>
         <load_address>0x4251</load_address>
         <run_address>0x4251</run_address>
         <size>0x271</size>
         <input_file_ref idref="fl-1e"/>
      </object_component>
      <object_component id="oc-2fc">
         <name>.debug_info</name>
         <load_address>0x44c2</load_address>
         <run_address>0x44c2</run_address>
         <size>0x26e</size>
         <input_file_ref idref="fl-1e"/>
      </object_component>
      <object_component id="oc-290">
         <name>.debug_info</name>
         <load_address>0x4730</load_address>
         <run_address>0x4730</run_address>
         <size>0x34b</size>
         <input_file_ref idref="fl-1e"/>
      </object_component>
      <object_component id="oc-308">
         <name>.debug_info</name>
         <load_address>0x4a7b</load_address>
         <run_address>0x4a7b</run_address>
         <size>0x86</size>
         <input_file_ref idref="fl-1e"/>
      </object_component>
      <object_component id="oc-38e">
         <name>.debug_info</name>
         <load_address>0x4b01</load_address>
         <run_address>0x4b01</run_address>
         <size>0x39</size>
         <input_file_ref idref="fl-1e"/>
      </object_component>
      <object_component id="oc-528">
         <name>.debug_info</name>
         <load_address>0x4b3a</load_address>
         <run_address>0x4b3a</run_address>
         <size>0x94</size>
         <input_file_ref idref="fl-1e"/>
      </object_component>
      <object_component id="oc-467">
         <name>.debug_info</name>
         <load_address>0x4bce</load_address>
         <run_address>0x4bce</run_address>
         <size>0x46</size>
         <input_file_ref idref="fl-1e"/>
      </object_component>
      <object_component id="oc-3d3">
         <name>.debug_info</name>
         <load_address>0x4c14</load_address>
         <run_address>0x4c14</run_address>
         <size>0x46</size>
         <input_file_ref idref="fl-1e"/>
      </object_component>
      <object_component id="oc-389">
         <name>.debug_info</name>
         <load_address>0x4c5a</load_address>
         <run_address>0x4c5a</run_address>
         <size>0x2c</size>
         <input_file_ref idref="fl-1e"/>
      </object_component>
      <object_component id="oc-358">
         <name>.debug_info</name>
         <load_address>0x4c86</load_address>
         <run_address>0x4c86</run_address>
         <size>0x25f</size>
         <input_file_ref idref="fl-1f"/>
      </object_component>
      <object_component id="oc-2e0">
         <name>.debug_info</name>
         <load_address>0x4ee5</load_address>
         <run_address>0x4ee5</run_address>
         <size>0x1d4</size>
         <input_file_ref idref="fl-1f"/>
      </object_component>
      <object_component id="oc-356">
         <name>.debug_info</name>
         <load_address>0x50b9</load_address>
         <run_address>0x50b9</run_address>
         <size>0x2d8</size>
         <input_file_ref idref="fl-20"/>
      </object_component>
      <object_component id="oc-2d6">
         <name>.debug_info</name>
         <load_address>0x5391</load_address>
         <run_address>0x5391</run_address>
         <size>0x2cb</size>
         <input_file_ref idref="fl-20"/>
      </object_component>
      <object_component id="oc-1db">
         <name>.debug_info</name>
         <load_address>0x565c</load_address>
         <run_address>0x565c</run_address>
         <size>0x2c</size>
         <input_file_ref idref="fl-20"/>
      </object_component>
      <object_component id="oc-3af">
         <name>.debug_info</name>
         <load_address>0x5688</load_address>
         <run_address>0x5688</run_address>
         <size>0x1dc</size>
         <input_file_ref idref="fl-21"/>
      </object_component>
      <object_component id="oc-33e">
         <name>.debug_info</name>
         <load_address>0x5864</load_address>
         <run_address>0x5864</run_address>
         <size>0x19a</size>
         <input_file_ref idref="fl-21"/>
      </object_component>
      <object_component id="oc-42b">
         <name>.debug_info</name>
         <load_address>0x59fe</load_address>
         <run_address>0x59fe</run_address>
         <size>0xbf</size>
         <input_file_ref idref="fl-21"/>
      </object_component>
      <object_component id="oc-42a">
         <name>.debug_info</name>
         <load_address>0x5abd</load_address>
         <run_address>0x5abd</run_address>
         <size>0x250</size>
         <input_file_ref idref="fl-22"/>
      </object_component>
      <object_component id="oc-3a9">
         <name>.debug_info</name>
         <load_address>0x5d0d</load_address>
         <run_address>0x5d0d</run_address>
         <size>0x202</size>
         <input_file_ref idref="fl-22"/>
      </object_component>
      <object_component id="oc-569">
         <name>.debug_info</name>
         <load_address>0x5f0f</load_address>
         <run_address>0x5f0f</run_address>
         <size>0x176</size>
[...]
         <name>__TI_dtors_ptr</name>
         <value>0x143c</value>
         <object_component_ref idref="oc-29e"/>
      </symbol>
      <symbol id="sm-535">
         <name>__TI_cleanup_ptr</name>
         <value>0x143a</value>
         <object_component_ref idref="oc-2a1"/>
      </symbol>
      <symbol id="sm-544">
         <name>__mspabi_srlll</name>
         <value>0x7070</value>
         <object_component_ref idref="oc-460"/>
      </symbol>
      <symbol id="sm-577">
         <name>__mspabi_divull</name>
         <value>0x3578</value>
         <object_component_ref idref="oc-450"/>
      </symbol>
      <symbol id="sm-580">
         <name>_system_pre_init</name>
         <value>0x7732</value>
         <object_component_ref idref="oc-1f0"/>
      </symbol>
      <symbol id="sm-589">
         <name>_system_post_cinit</name>
         <value>0x7738</value>
         <object_component_ref idref="oc-2a6"/>
      </symbol>
      <symbol id="sm-59f">
         <name>__TI_decompress_none</name>
         <value>0x7674</value>
         <object_component_ref idref="oc-4d"/>
      </symbol>
      <symbol id="sm-5c2">
         <name>__TI_decompress_lzss</name>
         <value>0x685c</value>
         <object_component_ref idref="oc-47"/>
      </symbol>
      <symbol id="sm-5e9">
         <name>__mspabi_addd</name>
         <value>0x38d8</value>
         <object_component_ref idref="oc-5df"/>
      </symbol>
      <symbol id="sm-603">
         <name>__mspabi_cmpd</name>
         <value>0x5f1e</value>
         <object_component_ref idref="oc-3fc"/>
      </symbol>
      <symbol id="sm-624">
         <name>__mspabi_divd</name>
         <value>0x4cb2</value>
         <object_component_ref idref="oc-495"/>
      </symbol>
      <symbol id="sm-631">
         <name>__mspabi_fixdi</name>
         <value>0x74b4</value>
         <object_component_ref idref="oc-547"/>
      </symbol>
      <symbol id="sm-640">
         <name>__mspabi_fixdli</name>
         <value>0x6a3e</value>
         <object_component_ref idref="oc-52f"/>
      </symbol>
      <symbol id="sm-649">
         <name>__mspabi_fltid</name>
         <value>0x76f8</value>
         <object_component_ref idref="oc-57b"/>
      </symbol>
      <symbol id="sm-660">
         <name>__mspabi_fltlid</name>
         <value>0x63c6</value>
         <object_component_ref idref="oc-53b"/>
      </symbol>
      <symbol id="sm-681">
         <name>__TI_frcaddd</name>
         <value>0x45bc</value>
         <object_component_ref idref="oc-635"/>
      </symbol>
      <symbol id="sm-69c">
         <name>__TI_frcdivd</name>
         <value>0x3100</value>
         <object_component_ref idref="oc-560"/>
      </symbol>
      <symbol id="sm-6be">
         <name>__mspabi_mpyd</name>
         <value>0x40e0</value>
         <object_component_ref idref="oc-48f"/>
      </symbol>
      <symbol id="sm-6c7">
         <name>__mspabi_negd</name>
         <value>0x748a</value>
         <object_component_ref idref="oc-3de"/>
      </symbol>
      <symbol id="sm-6da">
         <name>__TI_renormd</name>
         <value>0x6258</value>
         <object_component_ref idref="oc-66e"/>
      </symbol>
      <symbol id="sm-6e3">
         <name>__mspabi_subd</name>
         <value>0x7350</value>
         <object_component_ref idref="oc-541"/>
      </symbol>
      <symbol id="sm-700">
         <name>C$$EXIT</name>
         <value>0x7728</value>
         <object_component_ref idref="oc-238"/>
      </symbol>
      <symbol id="sm-701">
         <name>abort</name>
         <value>0x7728</value>
         <object_component_ref idref="oc-238"/>
      </symbol>
      <symbol id="sm-702">
         <name>__TI_enable_exit_profile_output</name>
         <value>0x1446</value>
         <object_component_ref idref="oc-29b"/>
      </symbol>
      <symbol id="sm-703">
         <name>exit</name>
         <value>0x713e</value>
         <object_component_ref idref="oc-23e"/>
      </symbol>
      <symbol id="sm-719">
         <name>_nop</name>
         <value>0x7736</value>
         <object_component_ref idref="oc-2c8"/>
      </symbol>
      <symbol id="sm-71a">
         <name>_lock</name>
         <value>0x143e</value>
         <object_component_ref idref="oc-27d"/>
      </symbol>
      <symbol id="sm-71b">
         <name>_unlock</name>
         <value>0x1440</value>
         <object_component_ref idref="oc-295"/>
      </symbol>
      <symbol id="sm-72f">
         <name>atoi</name>
         <value>0x6f3a</value>
         <object_component_ref idref="oc-35b"/>
      </symbol>
      <symbol id="sm-739">
         <name>_ctypes_</name>
         <value>0x773a</value>
         <object_component_ref idref="oc-3bf"/>
      </symbol>
      <symbol id="sm-749">
         <name>__TI_tmpnams</name>
         <value>0x144a</value>
      </symbol>
      <symbol id="sm-74a">
         <name>_ftable</name>
         <value>0x134c</value>
         <object_component_ref idref="oc-280"/>
      </symbol>
      <symbol id="sm-74b">
         <name>__TI_ft_end</name>
         <value>0x1442</value>
         <object_component_ref idref="oc-4dd"/>
      </symbol>
      <symbol id="sm-75a">
         <name>ltoa</name>
         <value>0x6756</value>
         <object_component_ref idref="oc-535"/>
      </symbol>
      <symbol id="sm-769">
         <name>memccpy</name>
         <value>0x75ae</value>
         <object_component_ref idref="oc-375"/>
      </symbol>
      <symbol id="sm-778">
         <name>memchr</name>
         <value>0x7624</value>
         <object_component_ref idref="oc-343"/>
      </symbol>
      <symbol id="sm-786">
         <name>memcpy</name>
         <value>0x7698</value>
         <object_component_ref idref="oc-17d"/>
      </symbol>
      <symbol id="sm-7fb">
         <name>_sys_memory</name>
         <value>0x1100</value>
         <object_component_ref idref="oc-160"/>
      </symbol>
      <symbol id="sm-7fc">
         <name>free</name>
         <value>0x60ca</value>
         <object_component_ref idref="oc-417"/>
      </symbol>
      <symbol id="sm-7fd">
         <name>memalign</name>
         <value>0x5d58</value>
         <object_component_ref idref="oc-4d0"/>
      </symbol>
      <symbol id="sm-7fe">
         <name>malloc</name>
         <value>0x771a</value>
         <object_component_ref idref="oc-41d"/>
      </symbol>
      <symbol id="sm-7ff">
         <name>aligned_alloc</name>
         <value>0x5d58</value>
         <object_component_ref idref="oc-4d0"/>
      </symbol>
      <symbol id="sm-80d">
         <name>memset</name>
         <value>0x7638</value>
         <object_component_ref idref="oc-362"/>
      </symbol>
      <symbol id="sm-81c">
         <name>strchr</name>
         <value>0x75c8</value>
         <object_component_ref idref="oc-575"/>
      </symbol>
      <symbol id="sm-829">
         <name>strlen</name>
         <value>0x76ea</value>
         <object_component_ref idref="oc-2e3"/>
      </symbol>
      <symbol id="sm-836">
         <name>toupper</name>
         <value>0x7704</value>
         <object_component_ref idref="oc-3d8"/>
      </symbol>
      <symbol id="sm-83d">
         <name>errno</name>
         <value>0x1444</value>
         <object_component_ref idref="oc-383"/>
      </symbol>
      <symbol id="sm-854">
         <name>write</name>
         <value>0x7552</value>
         <object_component_ref idref="oc-34f"/>
      </symbol>
      <symbol id="sm-863">
         <name>_stream</name>
         <value>0x1412</value>
         <object_component_ref idref="oc-3b4"/>
      </symbol>
      <symbol id="sm-864">
         <name>_device</name>
         <value>0x13c4</value>
         <object_component_ref idref="oc-436"/>
      </symbol>
      <symbol id="sm-86e">
         <name>abs</name>
         <value>0x7710</value>
         <object_component_ref idref="oc-54e"/>
      </symbol>
      <symbol id="sm-87f">
         <name>__TI_doflush</name>
         <value>0x6cc0</value>
         <object_component_ref idref="oc-349"/>
      </symbol>
      <symbol id="sm-88b">
         <name>__TI_cleanup</name>
         <value>0x72ba</value>
         <object_component_ref idref="oc-423"/>
      </symbol>
      <symbol id="sm-89b">
         <name>fseek</name>
         <value>0x6ab0</value>
         <object_component_ref idref="oc-3a2"/>
      </symbol>
      <symbol id="sm-8ab">
         <name>__mspabi_sral</name>
         <value>0x76aa</value>
         <object_component_ref idref="oc-669"/>
      </symbol>
      <symbol id="sm-8ac">
         <name>__mspabi_sral_15</name>
         <value>0x7202</value>
         <object_component_ref idref="oc-5e8"/>
      </symbol>
      <symbol id="sm-8ad">
         <name>__mspabi_sral_14</name>
         <value>0x7206</value>
         <object_component_ref idref="oc-5e8"/>
      </symbol>
      <symbol id="sm-8ae">
         <name>__mspabi_sral_13</name>
         <value>0x720a</value>
         <object_component_ref idref="oc-5e8"/>
      </symbol>
      <symbol id="sm-8af">
         <name>__mspabi_sral_12</name>
         <value>0x720e</value>
         <object_component_ref idref="oc-5e8"/>
      </symbol>
      <symbol id="sm-8b0">
         <name>__mspabi_sral_11</name>
         <value>0x7212</value>
         <object_component_ref idref="oc-5e8"/>
      </symbol>
      <symbol id="sm-8b1">
         <name>__mspabi_sral_10</name>
         <value>0x7216</value>
         <object_component_ref idref="oc-5e8"/>
      </symbol>
      <symbol id="sm-8b2">
         <name>__mspabi_sral_8</name>
         <value>0x721e</value>
         <object_component_ref idref="oc-5e8"/>
      </symbol>
      <symbol id="sm-8b3">
         <name>__mspabi_sral_9</name>
         <value>0x721a</value>
         <object_component_ref idref="oc-5e8"/>
      </symbol>
      <symbol id="sm-8b4">
         <name>__mspabi_sral_6</name>
         <value>0x7226</value>
         <object_component_ref idref="oc-5e8"/>
      </symbol>
      <symbol id="sm-8b5">
         <name>__mspabi_sral_7</name>
         <value>0x7222</value>
         <object_component_ref idref="oc-5e8"/>
      </symbol>
      <symbol id="sm-8b6">
         <name>__mspabi_sral_4</name>
         <value>0x722e</value>
         <object_component_ref idref="oc-5e8"/>
      </symbol>
      <symbol id="sm-8b7">
         <name>__mspabi_sral_5</name>
         <value>0x722a</value>
         <object_component_ref idref="oc-5e8"/>
      </symbol>
      <symbol id="sm-8b8">
         <name>__mspabi_sral_2</name>
         <value>0x7236</value>
         <object_component_ref idref="oc-5e8"/>
      </symbol>
      <symbol id="sm-8b9">
         <name>__mspabi_sral_3</name>
         <value>0x7232</value>
         <object_component_ref idref="oc-5e8"/>
      </symbol>
      <symbol id="sm-8ba">
         <name>__mspabi_sral_1</name>
         <value>0x723a</value>
         <object_component_ref idref="oc-5e8"/>
      </symbol>
      <symbol id="sm-8c6">
         <name>__mspabi_remli</name>
         <value>0x71c2</value>
         <object_component_ref idref="oc-5d1"/>
      </symbol>
      <symbol id="sm-8c7">
         <name>__mspabi_divli</name>
         <value>0x71c2</value>
         <object_component_ref idref="oc-5d1"/>
      </symbol>
      <symbol id="sm-8d7">
         <name>__mspabi_slll_9</name>
         <value>0x7258</value>
         <object_component_ref idref="oc-5ba"/>
      </symbol>
      <symbol id="sm-8d8">
         <name>__mspabi_slll_8</name>
         <value>0x725c</value>
         <object_component_ref idref="oc-5ba"/>
      </symbol>
      <symbol id="sm-8d9">
         <name>__mspabi_slll_7</name>
         <value>0x7260</value>
         <object_component_ref idref="oc-5ba"/>
      </symbol>
      <symbol id="sm-8da">
         <name>__mspabi_slll_6</name>
         <value>0x7264</value>
         <object_component_ref idref="oc-5ba"/>
      </symbol>
      <symbol id="sm-8db">
         <name>__mspabi_slll_5</name>
         <value>0x7268</value>
         <object_component_ref idref="oc-5ba"/>
      </symbol>
      <symbol id="sm-8dc">
         <name>__mspabi_slll_4</name>
         <value>0x726c</value>
         <object_component_ref idref="oc-5ba"/>
      </symbol>
      <symbol id="sm-8dd">
         <name>__mspabi_slll_3</name>
         <value>0x7270</value>
         <object_component_ref idref="oc-5ba"/>
      </symbol>
      <symbol id="sm-8de">
         <name>__mspabi_slll_2</name>
         <value>0x7274</value>
         <object_component_ref idref="oc-5ba"/>
      </symbol>
      <symbol id="sm-8df">
         <name>__mspabi_slll_1</name>
         <value>0x7278</value>
         <object_component_ref idref="oc-5ba"/>
      </symbol>
      <symbol id="sm-8e0">
         <name>__mspabi_slll</name>
         <value>0x76ba</value>
         <object_component_ref idref="oc-664"/>
      </symbol>
      <symbol id="sm-8e1">
         <name>__mspabi_slll_15</name>
         <value>0x7240</value>
         <object_component_ref idref="oc-5ba"/>
      </symbol>
      <symbol id="sm-8e2">
         <name>__mspabi_slll_14</name>
         <value>0x7244</value>
         <object_component_ref idref="oc-5ba"/>
      </symbol>
      <symbol id="sm-8e3">
         <name>__mspabi_slll_13</name>
         <value>0x7248</value>
         <object_component_ref idref="oc-5ba"/>
      </symbol>
      <symbol id="sm-8e4">
         <name>__mspabi_slll_12</name>
         <value>0x724c</value>
         <object_component_ref idref="oc-5ba"/>
      </symbol>
      <symbol id="sm-8e5">
         <name>__mspabi_slll_11</name>
         <value>0x7250</value>
         <object_component_ref idref="oc-5ba"/>
      </symbol>
      <symbol id="sm-8e6">
         <name>__mspabi_slll_10</name>
         <value>0x7254</value>
         <object_component_ref idref="oc-5ba"/>
      </symbol>
      <symbol id="sm-8f6">
         <name>__mspabi_srll_8</name>
         <value>0x6dac</value>
         <object_component_ref idref="oc-5d8"/>
      </symbol>
      <symbol id="sm-8f7">
         <name>__mspabi_srll_9</name>
         <value>0x6da6</value>
         <object_component_ref idref="oc-5d8"/>
      </symbol>
      <symbol id="sm-8f8">
         <name>__mspabi_srll_6</name>
         <value>0x6db8</value>
         <object_component_ref idref="oc-5d8"/>
      </symbol>
      <symbol id="sm-8f9">
         <name>__mspabi_srll_7</name>
         <value>0x6db2</value>
         <object_component_ref idref="oc-5d8"/>
      </symbol>
      <symbol id="sm-8fa">
         <name>__mspabi_srll_4</name>
         <value>0x6dc4</value>
         <object_component_ref idref="oc-5d8"/>
      </symbol>
      <symbol id="sm-8fb">
         <name>__mspabi_srll_5</name>
         <value>0x6dbe</value>
         <object_component_ref idref="oc-5d8"/>
      </symbol>
      <symbol id="sm-8fc">
         <name>__mspabi_srll_2</name>
         <value>0x6dd0</value>
         <object_component_ref idref="oc-5d8"/>
      </symbol>
      <symbol id="sm-8fd">
         <name>__mspabi_srll_3</name>
         <value>0x6dca</value>
         <object_component_ref idref="oc-5d8"/>
      </symbol>
      <symbol id="sm-8fe">
         <name>__mspabi_srll_1</name>
         <value>0x6dd6</value>
         <object_component_ref idref="oc-5d8"/>
      </symbol>
      <symbol id="sm-8ff">
         <name>__mspabi_srll_15</name>
         <value>0x6d82</value>
         <object_component_ref idref="oc-5d8"/>
      </symbol>
      <symbol id="sm-900">
         <name>__mspabi_srll_14</name>
         <value>0x6d88</value>
         <object_component_ref idref="oc-5d8"/>
      </symbol>
      <symbol id="sm-901">
         <name>__mspabi_srll_13</name>
         <value>0x6d8e</value>
         <object_component_ref idref="oc-5d8"/>
      </symbol>
      <symbol id="sm-902">
         <name>__mspabi_srll_12</name>
         <value>0x6d94</value>
         <object_component_ref idref="oc-5d8"/>
      </symbol>
      <symbol id="sm-903">
         <name>__mspabi_srll_11</name>
         <value>0x6d9a</value>
         <object_component_ref idref="oc-5d8"/>
      </symbol>
      <symbol id="sm-904">
         <name>__mspabi_srll_10</name>
         <value>0x6da0</value>
         <object_component_ref idref="oc-5d8"/>
      </symbol>
      <symbol id="sm-905">
         <name>__mspabi_srll</name>
         <value>0x7686</value>
         <object_component_ref idref="oc-519"/>
      </symbol>
      <symbol id="sm-912">
         <name>__mspabi_sllll</name>
         <value>0x70fa</value>
         <object_component_ref idref="oc-513"/>
      </symbol>
      <symbol id="sm-922">
         <name>__TI_frcmpyd</name>
         <value>0x3e5a</value>
         <object_component_ref idref="oc-558"/>
      </symbol>
      <symbol id="sm-92e">
         <name>HOSTclose</name>
         <value>0x70b6</value>
         <object_component_ref idref="oc-4e9"/>
      </symbol>
      <symbol id="sm-93a">
         <name>HOSTlseek</name>
         <value>0x66ce</value>
         <object_component_ref idref="oc-4fb"/>
      </symbol>
      <symbol id="sm-948">
         <name>parmbuf</name>
         <value>0x14ea</value>
      </symbol>
      <symbol id="sm-949">
         <name>HOSTopen</name>
         <value>0x6bf8</value>
         <object_component_ref idref="oc-4e3"/>
      </symbol>
      <symbol id="sm-956">
         <name>HOSTread</name>
         <value>0x6d22</value>
         <object_component_ref idref="oc-4ef"/>
      </symbol>
      <symbol id="sm-962">
         <name>HOSTrename</name>
         <value>0x6b8e</value>
         <object_component_ref idref="oc-507"/>
      </symbol>
      <symbol id="sm-96e">
         <name>HOSTunlink</name>
         <value>0x7182</value>
         <object_component_ref idref="oc-501"/>
      </symbol>
      <symbol id="sm-97b">
         <name>HOSTwrite</name>
         <value>0x6c5e</value>
         <object_component_ref idref="oc-4f5"/>
      </symbol>
      <symbol id="sm-999">
         <name>__TI_readmsg</name>
         <value>0x73da</value>
         <object_component_ref idref="oc-5ad"/>
      </symbol>
      <symbol id="sm-99a">
         <name>C$$IO$$</name>
         <value>0x734c</value>
         <object_component_ref idref="oc-5a7"/>
      </symbol>
      <symbol id="sm-99b">
         <name>_CIOBUF_</name>
         <value>0x122c</value>
         <object_component_ref idref="oc-61a"/>
      </symbol>
      <symbol id="sm-99c">
         <name>__TI_writemsg</name>
         <value>0x7322</value>
         <object_component_ref idref="oc-5a7"/>
      </symbol>
      <symbol id="sm-9aa">
         <name>lseek</name>
         <value>0x752c</value>
         <object_component_ref idref="oc-40f"/>
      </symbol>
      <symbol id="sm-9ba">
         <name>__TI_closefile</name>
         <value>0x69cc</value>
         <object_component_ref idref="oc-4d7"/>
      </symbol>
      <symbol id="sm-9d8">
         <name>finddevice</name>
         <value>0x72ee</value>
         <object_component_ref idref="oc-64f"/>
      </symbol>
      <symbol id="sm-9d9">
         <name>getdevice</name>
         <value>0x6e36</value>
         <object_component_ref idref="oc-60e"/>
      </symbol>
      <symbol id="sm-9e7">
         <name>strcmp</name>
         <value>0x75e2</value>
         <object_component_ref idref="oc-67a"/>
      </symbol>
      <symbol id="sm-9f4">
         <name>strcpy</name>
         <value>0x76da</value>
         <object_component_ref idref="oc-5c3"/>
      </symbol>
      <symbol id="sm-a04">
         <name>strncpy</name>
         <value>0x745e</value>
         <object_component_ref idref="oc-649"/>
      </symbol>
      <symbol id="sm-a17">
         <name>close</name>
         <value>0x7026</value>
         <object_component_ref idref="oc-593"/>
      </symbol>
      <symbol id="sm-a23">
         <name>unlink</name>
         <value>0x7504</value>
         <object_component_ref idref="oc-59a"/>
      </symbol>
      <symbol id="sm-a26">
         <name>remove</name>
         <value>0x7504</value>
      </symbol>
   </symbol_table>
   <title>Link successful</title>
</link_info>
